Component: ARM Compiler 5.06 update 5 (build 528) Tool: armlink [4d35e2]

==============================================================================

Section Cross References

    main.o(i.SysTick_Init) refers to system_stm32l4xx.o(.data) for SystemCoreClock
    main.o(i.averageVoltage) refers to main.o(.bss) for adcValues
    main.o(i.checkVoltage) refers to main.o(i.LL_ADC_REG_StartConversion) for LL_ADC_REG_StartConversion
    main.o(i.checkVoltage) refers to main.o(i.LL_ADC_IsActiveFlag_EOC) for LL_ADC_IsActiveFlag_EOC
    main.o(i.checkVoltage) refers to main.o(i.LL_ADC_REG_ReadConversionData12) for LL_ADC_REG_ReadConversionData12
    main.o(i.checkVoltage) refers to main.o(i.LL_DAC_ConvertData12RightAligned) for LL_DAC_ConvertData12RightAligned
    main.o(i.checkVoltage) refers to main.o(i.LL_ADC_REG_StopConversion) for LL_ADC_REG_StopConversion
    main.o(i.checkVoltage) refers to bsp476.o(i.LED_On) for LED_On
    main.o(i.checkVoltage) refers to bsp476.o(i.LED_Off) for LED_Off
    main.o(i.checkVoltage) refers to main.o(.data) for value
    main.o(i.frequency) refers to main.o(.data) for freqCount
    main.o(i.frequency) refers to main.o(.bss) for adcValues
    main.o(i.main) refers to _printf_pad.o(.text) for _printf_pre_padding
    main.o(i.main) refers to _printf_percent.o(.ARM.Collect$$_printf_percent$$00000000) for _printf_percent
    main.o(i.main) refers to _printf_d.o(.ARM.Collect$$_printf_percent$$00000009) for _printf_d
    main.o(i.main) refers to _printf_f.o(.ARM.Collect$$_printf_percent$$00000003) for _printf_f
    main.o(i.main) refers to _printf_dec.o(.text) for _printf_int_dec
    main.o(i.main) refers to printf1.o(x$fpl$printf1) for _printf_fp_dec
    main.o(i.main) refers to main.o(i.SysTick_Init) for SysTick_Init
    main.o(i.main) refers to bsp476.o(i.BSP476_Init) for BSP476_Init
    main.o(i.main) refers to adc.o(i.ADC_Init) for ADC_Init
    main.o(i.main) refers to dac.o(i.DAC_Init) for DAC_Init
    main.o(i.main) refers to usart.o(i.USART_Init) for USART_Init
    main.o(i.main) refers to main.o(i.checkVoltage) for checkVoltage
    main.o(i.main) refers to bsp476.o(i.Delay_ms) for Delay_ms
    main.o(i.main) refers to bsp476.o(i.Switch_Read) for Switch_Read
    main.o(i.main) refers to main.o(i.takeReadings) for takeReadings
    main.o(i.main) refers to main.o(i.averageVoltage) for averageVoltage
    main.o(i.main) refers to main.o(i.minimumVoltage) for minimumVoltage
    main.o(i.main) refers to main.o(i.maximumVoltage) for maximumVoltage
    main.o(i.main) refers to main.o(i.rmsValue) for rmsValue
    main.o(i.main) refers to main.o(i.frequency) for frequency
    main.o(i.main) refers to f2d.o(x$fpl$f2d) for __aeabi_f2d
    main.o(i.main) refers to noretval__2sprintf.o(.text) for __2sprintf
    main.o(i.main) refers to strlen.o(.text) for strlen
    main.o(i.main) refers to usart.o(i.send_char) for send_char
    main.o(i.main) refers to main.o(.data) for avgVoltage
    main.o(i.main) refers to main.o(.conststring) for .conststring
    main.o(i.maximumVoltage) refers to main.o(.bss) for adcValues
    main.o(i.minimumVoltage) refers to main.o(.bss) for adcValues
    main.o(i.rmsValue) refers to f2d.o(x$fpl$f2d) for __aeabi_f2d
    main.o(i.rmsValue) refers to daddsub_clz.o(x$fpl$dadd) for __aeabi_dadd
    main.o(i.rmsValue) refers to ddiv.o(x$fpl$ddiv) for __aeabi_ddiv
    main.o(i.rmsValue) refers to sqrt.o(i.__hardfp_sqrt) for __hardfp_sqrt
    main.o(i.rmsValue) refers to d2f.o(x$fpl$d2f) for __aeabi_d2f
    main.o(i.rmsValue) refers to main.o(.bss) for adcValues
    main.o(i.takeReadings) refers to main.o(i.LL_ADC_REG_StartConversion) for LL_ADC_REG_StartConversion
    main.o(i.takeReadings) refers to main.o(i.LL_ADC_IsActiveFlag_EOC) for LL_ADC_IsActiveFlag_EOC
    main.o(i.takeReadings) refers to main.o(i.LL_ADC_REG_ReadConversionData12) for LL_ADC_REG_ReadConversionData12
    main.o(i.takeReadings) refers to main.o(i.LL_DAC_ConvertData12RightAligned) for LL_DAC_ConvertData12RightAligned
    main.o(i.takeReadings) refers to main.o(i.LL_ADC_REG_StopConversion) for LL_ADC_REG_StopConversion
    main.o(i.takeReadings) refers to bsp476.o(i.LED_On) for LED_On
    main.o(i.takeReadings) refers to bsp476.o(i.LED_Off) for LED_Off
    main.o(i.takeReadings) refers to bsp476.o(i.Delay_ms) for Delay_ms
    main.o(i.takeReadings) refers to main.o(.data) for value
    main.o(i.takeReadings) refers to main.o(.bss) for adcValues
    bsp476.o(i.BSP476_Init) refers to stm32l4xx_ll_gpio.o(i.LL_GPIO_StructInit) for LL_GPIO_StructInit
    bsp476.o(i.BSP476_Init) refers to stm32l4xx_ll_gpio.o(i.LL_GPIO_Init) for LL_GPIO_Init
    bsp476.o(i.Delay_ms) refers to bsp476.o(.data) for ms_time
    bsp476.o(i.SysTick_Handler) refers to bsp476.o(.data) for ms_time
    usart.o(i.USART_Init) refers to stm32l4xx_ll_gpio.o(i.LL_GPIO_Init) for LL_GPIO_Init
    usart.o(i.USART_Init) refers to stm32l4xx_ll_usart.o(i.LL_USART_Init) for LL_USART_Init
[...]
    Removing stm32l4xx_ll_rcc.o(i.LL_RCC_GetUSBClockFreq), (156 bytes).
    Removing stm32l4xx_ll_rcc.o(i.LL_RCC_LSI_IsReady), (16 bytes).
    Removing stm32l4xx_ll_rcc.o(i.LL_RCC_MSI_IsReady), (16 bytes).
    Removing stm32l4xx_ll_rcc.o(i.LL_RCC_PLLSAI1_GetN), (16 bytes).
    Removing stm32l4xx_ll_rcc.o(i.LL_RCC_PLLSAI1_IsReady), (16 bytes).
    Removing stm32l4xx_ll_rcc.o(i.LL_RCC_PLLSAI2_GetN), (16 bytes).
    Removing stm32l4xx_ll_rcc.o(i.LL_RCC_PLLSAI2_IsReady), (16 bytes).
    Removing stm32l4xx_ll_rcc.o(i.LL_RCC_PLL_IsReady), (16 bytes).
    Removing stm32l4xx_ll_rcc.o(i.RCC_PLLSAI1_GetFreqDomain_48M), (212 bytes).
    Removing stm32l4xx_ll_rcc.o(i.RCC_PLLSAI1_GetFreqDomain_ADC), (212 bytes).
    Removing stm32l4xx_ll_rcc.o(i.RCC_PLLSAI1_GetFreqDomain_SAI), (212 bytes).
    Removing stm32l4xx_ll_rcc.o(i.RCC_PLLSAI2_GetFreqDomain_ADC), (216 bytes).
    Removing stm32l4xx_ll_rcc.o(i.RCC_PLLSAI2_GetFreqDomain_SAI), (212 bytes).
    Removing stm32l4xx_ll_rcc.o(i.RCC_PLL_GetFreqDomain_48M), (212 bytes).
    Removing stm32l4xx_ll_rcc.o(i.RCC_PLL_GetFreqDomain_SAI), (212 bytes).
    Removing stm32l4xx_ll_usart.o(.rev16_text), (4 bytes).
    Removing stm32l4xx_ll_usart.o(.revsh_text), (4 bytes).
    Removing stm32l4xx_ll_usart.o(.rrx_text), (6 bytes).
    Removing stm32l4xx_ll_usart.o(i.LL_APB1_GRP1_ForceReset), (16 bytes).
    Removing stm32l4xx_ll_usart.o(i.LL_APB1_GRP1_ReleaseReset), (16 bytes).
    Removing stm32l4xx_ll_usart.o(i.LL_USART_ClockInit), (66 bytes).
    Removing stm32l4xx_ll_usart.o(i.LL_USART_ClockStructInit), (12 bytes).
    Removing stm32l4xx_ll_usart.o(i.LL_USART_DeInit), (168 bytes).
    Removing stm32l4xx_ll_usart.o(i.LL_USART_StructInit), (26 bytes).
    Removing system_stm32l4xx.o(.rev16_text), (4 bytes).
    Removing system_stm32l4xx.o(.revsh_text), (4 bytes).
    Removing system_stm32l4xx.o(.rrx_text), (6 bytes).
    Removing system_stm32l4xx.o(i.SystemCoreClockUpdate), (236 bytes).

101 unused section(s) (total 6055 bytes) removed from the image.

==============================================================================

Image Symbol Table

    Local Symbols

    Symbol Name                              Value     Ov Type        Size  Object(Section)

    ../clib/angel/boardlib.s                 0x00000000   Number         0  boardinit2.o ABSOLUTE
    ../clib/angel/boardlib.s                 0x00000000   Number         0  boardinit1.o ABSOLUTE
    ../clib/angel/boardlib.s                 0x00000000   Number         0  boardshut.o ABSOLUTE
    ../clib/angel/boardlib.s                 0x00000000   Number         0  boardinit3.o ABSOLUTE
    ../clib/angel/handlers.s                 0x00000000   Number         0  __scatter_copy.o ABSOLUTE
    ../clib/angel/handlers.s                 0x00000000   Number         0  __scatter_zi.o ABSOLUTE
    ../clib/angel/kernel.s                   0x00000000   Number         0  __rtentry4.o ABSOLUTE
    ../clib/angel/kernel.s                   0x00000000   Number         0  rtexit.o ABSOLUTE
    ../clib/angel/kernel.s                   0x00000000   Number         0  __rtentry.o ABSOLUTE
    ../clib/angel/kernel.s                   0x00000000   Number         0  __rtentry2.o ABSOLUTE
    ../clib/angel/kernel.s                   0x00000000   Number         0  rtexit2.o ABSOLUTE
    ../clib/angel/rt.s                       0x00000000   Number         0  rt_errno_addr.o ABSOLUTE
    ../clib/angel/rt.s                       0x00000000   Number         0  rt_locale_intlibspace.o ABSOLUTE
    ../clib/angel/rt.s                       0x00000000   Number         0  rt_locale.o ABSOLUTE
    ../clib/angel/rt.s                       0x00000000   Number         0  rt_raise.o ABSOLUTE
    ../clib/angel/rt.s                       0x00000000   Number         0  rt_errno_addr_intlibspace.o ABSOLUTE
    ../clib/angel/scatter.s                  0x00000000   Number         0  __scatter.o ABSOLUTE
    ../clib/angel/startup.s                  0x00000000   Number         0  __main.o ABSOLUTE
    ../clib/angel/sys.s                      0x00000000   Number         0  use_no_semi.o ABSOLUTE
    ../clib/angel/sys.s                      0x00000000   Number         0  indicate_semi.o ABSOLUTE
    ../clib/angel/sys.s                      0x00000000   Number         0  sys_stackheap_outer.o ABSOLUTE
    ../clib/angel/sys.s                      0x00000000   Number         0  libspace.o ABSOLUTE
    ../clib/angel/sysapp.c                   0x00000000   Number         0  sys_exit.o ABSOLUTE
    ../clib/angel/sysapp.c                   0x00000000   Number         0  sys_command.o ABSOLUTE
    ../clib/angel/sysapp.c                   0x00000000   Number         0  sys_wrch.o ABSOLUTE
    ../clib/armsys.c                         0x00000000   Number         0  _get_argv_nomalloc.o ABSOLUTE
    ../clib/armsys.c                         0x00000000   Number         0  no_argv.o ABSOLUTE
    ../clib/armsys.c                         0x00000000   Number         0  argv_veneer.o ABSOLUTE
    ../clib/armsys.c                         0x00000000   Number         0  argv_veneer.o ABSOLUTE
    ../clib/bigflt.c                         0x00000000   Number         0  bigflt0.o ABSOLUTE
    ../clib/btod.s                           0x00000000   Number         0  btod.o ABSOLUTE
    ../clib/fenv.c                           0x00000000   Number         0  _rserrno.o ABSOLUTE
    ../clib/heapalloc.c                      0x00000000   Number         0  hrguard.o ABSOLUTE
    ../clib/heapaux.c                        0x00000000   Number         0  heapauxi.o ABSOLUTE
    ../clib/libinit.s                        0x00000000   Number         0  libinit2.o ABSOLUTE
    ../clib/libinit.s                        0x00000000   Number         0  libinit.o ABSOLUTE
    ../clib/libinit.s                        0x00000000   Number         0  libshutdown.o ABSOLUTE
    ../clib/libinit.s                        0x00000000   Number         0  libshutdown2.o ABSOLUTE
    ../clib/locale.s                         0x00000000   Number         0  lc_numeric_c.o ABSOLUTE
    ../clib/longlong.s                       0x00000000   Number         0  lludiv10.o ABSOLUTE
    ../clib/memcpset.s                       0x00000000   Number         0  strcmpv7m.o ABSOLUTE
    ../clib/misc.s                           0x00000000   Number         0  printf_stubs.o ABSOLUTE
    ../clib/printf.c                         0x00000000   Number         0  _printf_dec.o ABSOLUTE
    ../clib/printf.c                         0x00000000   Number         0  _printf_pad.o ABSOLUTE
    ../clib/printf.c                         0x00000000   Number         0  __printf.o ABSOLUTE
    ../clib/printf.c                         0x00000000   Number         0  noretval__2sprintf.o ABSOLUTE
    ../clib/printf.c                         0x00000000   Number         0  __printf_ss.o ABSOLUTE
    ../clib/printf.c                         0x00000000   Number         0  __printf_ss_wp.o ABSOLUTE
    ../clib/printf.c                         0x00000000   Number         0  __printf_flags_wp.o ABSOLUTE
    ../clib/printf.c                         0x00000000   Number         0  __printf_wp.o ABSOLUTE
    ../clib/printf.c                         0x00000000   Number         0  __printf_nopercent.o ABSOLUTE
    ../clib/printf.c                         0x00000000   Number         0  _printf_fp_infnan.o ABSOLUTE
    ../clib/printf.c                         0x00000000   Number         0  __printf_flags_ss_wp.o ABSOLUTE
    ../clib/printf.c                         0x00000000   Number         0  _sputc.o ABSOLUTE
    ../clib/printf.c                         0x00000000   Number         0  _printf_intcommon.o ABSOLUTE
    ../clib/printf.c                         0x00000000   Number         0  _printf_char_common.o ABSOLUTE
    ../clib/printf.c                         0x00000000   Number         0  _printf_fp_dec.o ABSOLUTE
    ../clib/printf.c                         0x00000000   Number         0  __2sprintf.o ABSOLUTE
    ../clib/printf.c                         0x00000000   Number         0  __printf_flags_ss.o ABSOLUTE
    ../clib/printf.c                         0x00000000   Number         0  __printf_flags.o ABSOLUTE
    ../clib/printf_percent.s                 0x00000000   Number         0  _printf_percent.o ABSOLUTE
    ../clib/printf_percent.s                 0x00000000   Number         0  _printf_d.o ABSOLUTE
    ../clib/printf_percent.s                 0x00000000   Number         0  _printf_percent_end.o ABSOLUTE
    ../clib/printf_percent.s                 0x00000000   Number         0  _printf_f.o ABSOLUTE
    ../clib/signal.c                         0x00000000   Number         0  defsig_cppl_inner.o ABSOLUTE
    ../clib/signal.c                         0x00000000   Number         0  defsig_pvfn_inner.o ABSOLUTE
    ../clib/signal.c                         0x00000000   Number         0  defsig_stak_inner.o ABSOLUTE
    ../clib/signal.c                         0x00000000   Number         0  defsig_rtred_inner.o ABSOLUTE
    ../clib/signal.c                         0x00000000   Number         0  defsig_fpe_inner.o ABSOLUTE
    ../clib/signal.c                         0x00000000   Number         0  defsig_abrt_inner.o ABSOLUTE
    ../clib/signal.c                         0x00000000   Number         0  defsig_general.o ABSOLUTE
    ../clib/signal.c                         0x00000000   Number         0  __raise.o ABSOLUTE
    ../clib/signal.c                         0x00000000   Number         0  defsig_rtmem_inner.o ABSOLUTE
    ../clib/signal.c                         0x00000000   Number         0  defsig_rtmem_formal.o ABSOLUTE
    ../clib/signal.c                         0x00000000   Number         0  defsig_rtmem_outer.o ABSOLUTE
    ../clib/signal.c                         0x00000000   Number         0  defsig_exit.o ABSOLUTE
    ../clib/signal.c                         0x00000000   Number         0  defsig_other.o ABSOLUTE
    ../clib/signal.c                         0x00000000   Number         0  defsig_segv_inner.o ABSOLUTE
    ../clib/signal.s                         0x00000000   Number         0  defsig.o ABSOLUTE
    ../clib/stdlib.c                         0x00000000   Number         0  exit.o ABSOLUTE
    ../clib/string.c                         0x00000000   Number         0  strlen.o ABSOLUTE
    ../fplib/d2f.s                           0x00000000   Number         0  d2f.o ABSOLUTE
    ../fplib/daddsub.s                       0x00000000   Number         0  daddsub_clz.o ABSOLUTE
    ../fplib/dcmpi.s                         0x00000000   Number         0  dcmpi.o ABSOLUTE
    ../fplib/ddiv.s                          0x00000000   Number         0  ddiv.o ABSOLUTE
    ../fplib/dleqf.s                         0x00000000   Number         0  dleqf.o ABSOLUTE
    ../fplib/dnaninf.s                       0x00000000   Number         0  dnaninf.o ABSOLUTE
    ../fplib/dretinf.s                       0x00000000   Number         0  dretinf.o ABSOLUTE
    ../fplib/dsqrt.s                         0x00000000   Number         0  dsqrt_umaal.o ABSOLUTE
    ../fplib/f2d.s                           0x00000000   Number         0  f2d.o ABSOLUTE
    ../fplib/fnaninf.s                       0x00000000   Number         0  fnaninf.o ABSOLUTE
    ../fplib/fpinit.s                        0x00000000   Number         0  fpinit.o ABSOLUTE
    ../fplib/fretinf.s                       0x00000000   Number         0  fretinf.o ABSOLUTE
    ../fplib/istatus.s                       0x00000000   Number         0  istatus.o ABSOLUTE
    ../fplib/printf1.s                       0x00000000   Number         0  printf1.o ABSOLUTE
    ../fplib/usenofp.s                       0x00000000   Number         0  usenofp.o ABSOLUTE
    ../mathlib/fpclassify.c                  0x00000000   Number         0  fpclassify.o ABSOLUTE
    ../mathlib/sqrt.c                        0x00000000   Number         0  sqrt_x.o ABSOLUTE
    ../mathlib/sqrt.c                        0x00000000   Number         0  sqrt.o ABSOLUTE
    ADC.c                                    0x00000000   Number         0  adc.o ABSOLUTE
    ADC.c                                    0x00000000   Number         0  adc.o ABSOLUTE
    BSP476.c                                 0x00000000   Number         0  bsp476.o ABSOLUTE
    BSP476.c                                 0x00000000   Number         0  bsp476.o ABSOLUTE
    C:\Keil_v5\ARM\PACK\Keil\ARM_Compiler\1.3.1\Source\retarget_io.c 0x00000000   Number         0  retarget_io.o ABSOLUTE
    C:\Keil_v5\ARM\PACK\Keil\STM32L4xx_DFP\2.2.0\Drivers\STM32L4xx_HAL_Driver\Src\stm32l4xx_ll_adc.c 0x00000000   Number         0  stm32l4xx_ll_adc.o ABSOLUTE
    C:\Keil_v5\ARM\PACK\Keil\STM32L4xx_DFP\2.2.0\Drivers\STM32L4xx_HAL_Driver\Src\stm32l4xx_ll_dac.c 0x00000000   Number         0  stm32l4xx_ll_dac.o ABSOLUTE
    C:\Keil_v5\ARM\PACK\Keil\STM32L4xx_DFP\2.2.0\Drivers\STM32L4xx_HAL_Driver\Src\stm32l4xx_ll_gpio.c 0x00000000   Number         0  stm32l4xx_ll_gpio.o ABSOLUTE
    C:\Keil_v5\ARM\PACK\Keil\STM32L4xx_DFP\2.2.0\Drivers\STM32L4xx_HAL_Driver\Src\stm32l4xx_ll_rcc.c 0x00000000   Number         0  stm32l4xx_ll_rcc.o ABSOLUTE
    C:\Keil_v5\ARM\PACK\Keil\STM32L4xx_DFP\2.2.0\Drivers\STM32L4xx_HAL_Driver\Src\stm32l4xx_ll_usart.c 0x00000000   Number         0  stm32l4xx_ll_usart.o ABSOLUTE
    C:\\Keil_v5\\ARM\\PACK\\Keil\\STM32L4xx_DFP\\2.2.0\\Drivers\\STM32L4xx_HAL_Driver\\Src\\stm32l4xx_ll_adc.c 0x00000000   Number         0  stm32l4xx_ll_adc.o ABSOLUTE
    C:\\Keil_v5\\ARM\\PACK\\Keil\\STM32L4xx_DFP\\2.2.0\\Drivers\\STM32L4xx_HAL_Driver\\Src\\stm32l4xx_ll_dac.c 0x00000000   Number         0  stm32l4xx_ll_dac.o ABSOLUTE
    C:\\Keil_v5\\ARM\\PACK\\Keil\\STM32L4xx_DFP\\2.2.0\\Drivers\\STM32L4xx_HAL_Driver\\Src\\stm32l4xx_ll_gpio.c 0x00000000   Number         0  stm32l4xx_ll_gpio.o ABSOLUTE
    C:\\Keil_v5\\ARM\\PACK\\Keil\\STM32L4xx_DFP\\2.2.0\\Drivers\\STM32L4xx_HAL_Driver\\Src\\stm32l4xx_ll_rcc.c 0x00000000   Number         0  stm32l4xx_ll_rcc.o ABSOLUTE
    C:\\Keil_v5\\ARM\\PACK\\Keil\\STM32L4xx_DFP\\2.2.0\\Drivers\\STM32L4xx_HAL_Driver\\Src\\stm32l4xx_ll_usart.c 0x00000000   Number         0  stm32l4xx_ll_usart.o ABSOLUTE
    DAC.c                                    0x00000000   Number         0  dac.o ABSOLUTE
    DAC.c                                    0x00000000   Number         0  dac.o ABSOLUTE
    RTE\Device\STM32L476RGTx\startup_stm32l476xx.s 0x00000000   Number         0  startup_stm32l476xx.o ABSOLUTE
    RTE\Device\STM32L476RGTx\system_stm32l4xx.c 0x00000000   Number         0  system_stm32l4xx.o ABSOLUTE
    RTE\\Device\\STM32L476RGTx\\system_stm32l4xx.c 0x00000000   Number         0  system_stm32l4xx.o ABSOLUTE
    USART.c                                  0x00000000   Number         0  usart.o ABSOLUTE
    USART.c                                  0x00000000   Number         0  usart.o ABSOLUTE
    dc.s                                     0x00000000   Number         0  dc.o ABSOLUTE
    main.c                                   0x00000000   Number         0  main.o ABSOLUTE
    main.c                                   0x00000000   Number         0  main.o ABSOLUTE
    RESET                                    0x08000000   Section      392  startup_stm32l476xx.o(RESET)
    !!!main                                  0x08000188   Section        8  __main.o(!!!main)
    !!!scatter                               0x08000190   Section       52  __scatter.o(!!!scatter)
    !!handler_copy                           0x080001c4   Section       26  __scatter_copy.o(!!handler_copy)
    !!handler_zi                             0x080001e0   Section       28  __scatter_zi.o(!!handler_zi)
    .ARM.Collect$$_printf_percent$$00000000  0x080001fc   Section        0  _printf_percent.o(.ARM.Collect$$_printf_percent$$00000000)
    .ARM.Collect$$_printf_percent$$00000003  0x080001fc   Section        6  _printf_f.o(.ARM.Collect$$_printf_percent$$00000003)
    .ARM.Collect$$_printf_percent$$00000009  0x08000202   Section        6  _printf_d.o(.ARM.Collect$$_printf_percent$$00000009)
    .ARM.Collect$$_printf_percent$$00000017  0x08000208   Section        4  _printf_percent_end.o(.ARM.Collect$$_printf_percent$$00000017)
    .ARM.Collect$$libinit$$00000000          0x0800020c   Section        2  libinit.o(.ARM.Collect$$libinit$$00000000)
    .ARM.Collect$$libinit$$00000001          0x0800020e   Section        4  libinit2.o(.ARM.Collect$$libinit$$00000001)
    .ARM.Collect$$libinit$$00000004          0x08000212   Section        0  libinit2.o(.ARM.Collect$$libinit$$00000004)
    .ARM.Collect$$libinit$$0000000A          0x08000212   Section        0  libinit2.o(.ARM.Collect$$libinit$$0000000A)
    .ARM.Collect$$libinit$$0000000C          0x08000212   Section        0  libinit2.o(.ARM.Collect$$libinit$$0000000C)
    .ARM.Collect$$libinit$$0000000E          0x08000212   Section        0  libinit2.o(.ARM.Collect$$libinit$$0000000E)
    .ARM.Collect$$libinit$$0000000F          0x08000212   Section        6  libinit2.o(.ARM.Collect$$libinit$$0000000F)
    .ARM.Collect$$libinit$$00000011          0x08000218   Section        0  libinit2.o(.ARM.Collect$$libinit$$00000011)
    .ARM.Collect$$libinit$$00000013          0x08000218   Section        0  libinit2.o(.ARM.Collect$$libinit$$00000013)
    .ARM.Collect$$libinit$$00000015          0x08000218   Section        0  libinit2.o(.ARM.Collect$$libinit$$00000015)
    .ARM.Collect$$libinit$$00000016          0x08000218   Section       10  libinit2.o(.ARM.Collect$$libinit$$00000016)
    .ARM.Collect$$libinit$$00000017          0x08000222   Section        0  libinit2.o(.ARM.Collect$$libinit$$00000017)
    .ARM.Collect$$libinit$$00000019          0x08000222   Section        0  libinit2.o(.ARM.Collect$$libinit$$00000019)
    .ARM.Collect$$libinit$$0000001B          0x08000222   Section        0  libinit2.o(.ARM.Collect$$libinit$$0000001B)
    .ARM.Collect$$libinit$$0000001D          0x08000222   Section        0  libinit2.o(.ARM.Collect$$libinit$$0000001D)
    .ARM.Collect$$libinit$$0000001F          0x08000222   Section        0  libinit2.o(.ARM.Collect$$libinit$$0000001F)
    .ARM.Collect$$libinit$$00000021          0x08000222   Section        0  libinit2.o(.ARM.Collect$$libinit$$00000021)
    .ARM.Collect$$libinit$$00000023          0x08000222   Section        0  libinit2.o(.ARM.Collect$$libinit$$00000023)
    .ARM.Collect$$libinit$$00000025          0x08000222   Section        0  libinit2.o(.ARM.Collect$$libinit$$00000025)
    .ARM.Collect$$libinit$$0000002C          0x08000222   Section        0  libinit2.o(.ARM.Collect$$libinit$$0000002C)
    .ARM.Collect$$libinit$$0000002E          0x08000222   Section        0  libinit2.o(.ARM.Collect$$libinit$$0000002E)
    .ARM.Collect$$libinit$$00000030          0x08000222   Section        0  libinit2.o(.ARM.Collect$$libinit$$00000030)
    .ARM.Collect$$libinit$$00000032          0x08000222   Section        0  libinit2.o(.ARM.Collect$$libinit$$00000032)
    .ARM.Collect$$libinit$$00000033          0x08000222   Section        2  libinit2.o(.ARM.Collect$$libinit$$00000033)
    .ARM.Collect$$libshutdown$$00000000      0x08000224   Section        2  libshutdown.o(.ARM.Collect$$libshutdown$$00000000)
    .ARM.Collect$$libshutdown$$00000002      0x08000226   Section        0  libshutdown2.o(.ARM.Collect$$libshutdown$$00000002)
    .ARM.Collect$$libshutdown$$00000004      0x08000226   Section        0  libshutdown2.o(.ARM.Collect$$libshutdown$$00000004)
    .ARM.Collect$$libshutdown$$00000007      0x08000226   Section        0  libshutdown2.o(.ARM.Collect$$libshutdown$$00000007)
    .ARM.Collect$$libshutdown$$0000000A      0x08000226   Section        0  libshutdown2.o(.ARM.Collect$$libshutdown$$0000000A)
    .ARM.Collect$$libshutdown$$0000000C      0x08000226   Section        0  libshutdown2.o(.ARM.Collect$$libshutdown$$0000000C)
    .ARM.Collect$$libshutdown$$0000000F      0x08000226   Section        0  libshutdown2.o(.ARM.Collect$$libshutdown$$0000000F)
    .ARM.Collect$$libshutdown$$00000010      0x08000226   Section        2  libshutdown2.o(.ARM.Collect$$libshutdown$$00000010)
    .ARM.Collect$$rtentry$$00000000          0x08000228   Section        0  __rtentry.o(.ARM.Collect$$rtentry$$00000000)
    .ARM.Collect$$rtentry$$00000002          0x08000228   Section        0  __rtentry2.o(.ARM.Collect$$rtentry$$00000002)
    .ARM.Collect$$rtentry$$00000004          0x08000228   Section        6  __rtentry4.o(.ARM.Collect$$rtentry$$00000004)
    .ARM.Collect$$rtentry$$00000009          0x0800022e   Section        0  __rtentry2.o(.ARM.Collect$$rtentry$$00000009)
    .ARM.Collect$$rtentry$$0000000A          0x0800022e   Section        4  __rtentry2.o(.ARM.Collect$$rtentry$$0000000A)
    .ARM.Collect$$rtentry$$0000000C          0x08000232   Section        0  __rtentry2.o(.ARM.Collect$$rtentry$$0000000C)
    .ARM.Collect$$rtentry$$0000000D          0x08000232   Section        8  __rtentry2.o(.ARM.Collect$$rtentry$$0000000D)
    .ARM.Collect$$rtexit$$00000000           0x0800023a   Section        2  rtexit.o(.ARM.Collect$$rtexit$$00000000)
    .ARM.Collect$$rtexit$$00000002           0x0800023c   Section        0  rtexit2.o(.ARM.Collect$$rtexit$$00000002)
    .ARM.Collect$$rtexit$$00000003           0x0800023c   Section        4  rtexit2.o(.ARM.Collect$$rtexit$$00000003)
    .ARM.Collect$$rtexit$$00000004           0x08000240   Section        6  rtexit2.o(.ARM.Collect$$rtexit$$00000004)
    .text                                    0x08000248   Section       64  startup_stm32l476xx.o(.text)
    $v0                                      0x08000248   Number         0  startup_stm32l476xx.o(.text)
    .text                                    0x08000288   Section        0  noretval__2sprintf.o(.text)
    .text                                    0x080002b0   Section        0  _printf_pad.o(.text)
    .text                                    0x08000300   Section        0  _printf_dec.o(.text)
    .text                                    0x08000378   Section        0  __printf_wp.o(.text)
    .text                                    0x08000486   Section        0  strlen.o(.text)
    .text                                    0x080004c4   Section      128  strcmpv7m.o(.text)
    .text                                    0x08000544   Section        0  heapauxi.o(.text)
    .text                                    0x0800054a   Section        0  _rserrno.o(.text)
    .text                                    0x08000560   Section        0  _printf_intcommon.o(.text)
    .text                                    0x08000612   Section        0  _printf_fp_dec.o(.text)
    _fp_digits                               0x08000615   Thumb Code   432  _printf_fp_dec.o(.text)
    .text                                    0x08000a38   Section        0  _printf_char_common.o(.text)
    _printf_input_char                       0x08000a39   Thumb Code    10  _printf_char_common.o(.text)
    .text                                    0x08000a68   Section        0  _sputc.o(.text)
    .text                                    0x08000a74   Section        8  rt_locale_intlibspace.o(.text)
    .text                                    0x08000a7c   Section        8  rt_errno_addr_intlibspace.o(.text)
    .text                                    0x08000a84   Section      138  lludiv10.o(.text)
    .text                                    0x08000b10   Section        0  _printf_fp_infnan.o(.text)
    .text                                    0x08000b90   Section        0  bigflt0.o(.text)
    .text                                    0x08000c74   Section        8  libspace.o(.text)
    .text                                    0x08000c7c   Section       74  sys_stackheap_outer.o(.text)
    .text                                    0x08000cc6   Section        0  exit.o(.text)
    .text                                    0x08000cd8   Section        0  sys_exit.o(.text)
    .text                                    0x08000ce4   Section        2  use_no_semi.o(.text)
    .text                                    0x08000ce6   Section        0  indicate_semi.o(.text)
    CL$$btod_d2e                             0x08000ce6   Section       62  btod.o(CL$$btod_d2e)
    CL$$btod_d2e_denorm_low                  0x08000d24   Section       70  btod.o(CL$$btod_d2e_denorm_low)
    CL$$btod_d2e_norm_op1                    0x08000d6a   Section       96  btod.o(CL$$btod_d2e_norm_op1)
    CL$$btod_div_common                      0x08000dca   Section      824  btod.o(CL$$btod_div_common)
    CL$$btod_e2e                             0x08001102   Section      220  btod.o(CL$$btod_e2e)
    CL$$btod_ediv                            0x080011de   Section       42  btod.o(CL$$btod_ediv)
    CL$$btod_emul                            0x08001208   Section       42  btod.o(CL$$btod_emul)
    CL$$btod_mult_common                     0x08001232   Section      580  btod.o(CL$$btod_mult_common)
    i.ADC_Init                               0x08001478   Section        0  adc.o(i.ADC_Init)
    i.BSP476_Init                            0x0800161c   Section        0  bsp476.o(i.BSP476_Init)
    i.DAC_Init                               0x08001698   Section        0  dac.o(i.DAC_Init)
    i.Delay_ms                               0x08001770   Section        0  bsp476.o(i.Delay_ms)
    i.LED_Off                                0x08001784   Section        0  bsp476.o(i.LED_Off)
    i.LED_On                                 0x080017d4   Section        0  bsp476.o(i.LED_On)
    i.LL_ADC_IsActiveFlag_EOC                0x08001824   Section        0  main.o(i.LL_ADC_IsActiveFlag_EOC)
    LL_ADC_IsActiveFlag_EOC                  0x08001825   Thumb Code    10  main.o(i.LL_ADC_IsActiveFlag_EOC)
    i.LL_ADC_REG_ReadConversionData12        0x0800182e   Section        0  main.o(i.LL_ADC_REG_ReadConversionData12)
    LL_ADC_REG_ReadConversionData12          0x0800182f   Thumb Code     8  main.o(i.LL_ADC_REG_ReadConversionData12)
    i.LL_ADC_REG_StartConversion             0x08001838   Section        0  main.o(i.LL_ADC_REG_StartConversion)
    LL_ADC_REG_StartConversion               0x08001839   Thumb Code    12  main.o(i.LL_ADC_REG_StartConversion)
    i.LL_ADC_REG_StopConversion              0x08001848   Section        0  main.o(i.LL_ADC_REG_StopConversion)
    LL_ADC_REG_StopConversion                0x08001849   Thumb Code    14  main.o(i.LL_ADC_REG_StopConversion)
    i.LL_DAC_ConvertData12RightAligned       0x0800185c   Section        0  main.o(i.LL_DAC_ConvertData12RightAligned)
    LL_DAC_ConvertData12RightAligned         0x0800185d   Thumb Code    28  main.o(i.LL_DAC_ConvertData12RightAligned)
    i.LL_GPIO_Init                           0x08001878   Section        0  stm32l4xx_ll_gpio.o(i.LL_GPIO_Init)
    i.LL_GPIO_StructInit                     0x080019b0   Section        0  stm32l4xx_ll_gpio.o(i.LL_GPIO_StructInit)
    i.LL_RCC_GetUARTClockFreq                0x080019c8   Section        0  stm32l4xx_ll_rcc.o(i.LL_RCC_GetUARTClockFreq)
    i.LL_RCC_GetUARTClockSource              0x08001a94   Section        0  stm32l4xx_ll_rcc.o(i.LL_RCC_GetUARTClockSource)
    LL_RCC_GetUARTClockSource                0x08001a95   Thumb Code    14  stm32l4xx_ll_rcc.o(i.LL_RCC_GetUARTClockSource)
    i.LL_RCC_GetUSARTClockFreq               0x08001aa8   Section        0  stm32l4xx_ll_rcc.o(i.LL_RCC_GetUSARTClockFreq)
    i.LL_RCC_GetUSARTClockSource             0x08001bc4   Section        0  stm32l4xx_ll_rcc.o(i.LL_RCC_GetUSARTClockSource)
    LL_RCC_GetUSARTClockSource               0x08001bc5   Thumb Code    14  stm32l4xx_ll_rcc.o(i.LL_RCC_GetUSARTClockSource)
    i.LL_RCC_HSI_IsReady                     0x08001bd8   Section        0  stm32l4xx_ll_rcc.o(i.LL_RCC_HSI_IsReady)
    LL_RCC_HSI_IsReady                       0x08001bd9   Thumb Code    10  stm32l4xx_ll_rcc.o(i.LL_RCC_HSI_IsReady)
    i.LL_RCC_LSE_IsReady                     0x08001be8   Section        0  stm32l4xx_ll_rcc.o(i.LL_RCC_LSE_IsReady)
    LL_RCC_LSE_IsReady                       0x08001be9   Thumb Code    10  stm32l4xx_ll_rcc.o(i.LL_RCC_LSE_IsReady)
    i.LL_RCC_MSI_GetRange                    0x08001bf8   Section        0  stm32l4xx_ll_rcc.o(i.LL_RCC_MSI_GetRange)
    LL_RCC_MSI_GetRange                      0x08001bf9   Thumb Code    10  stm32l4xx_ll_rcc.o(i.LL_RCC_MSI_GetRange)
    i.LL_RCC_MSI_GetRangeAfterStandby        0x08001c08   Section        0  stm32l4xx_ll_rcc.o(i.LL_RCC_MSI_GetRangeAfterStandby)
    LL_RCC_MSI_GetRangeAfterStandby          0x08001c09   Thumb Code    10  stm32l4xx_ll_rcc.o(i.LL_RCC_MSI_GetRangeAfterStandby)
    i.LL_RCC_MSI_IsEnabledRangeSelect        0x08001c18   Section        0  stm32l4xx_ll_rcc.o(i.LL_RCC_MSI_IsEnabledRangeSelect)
    LL_RCC_MSI_IsEnabledRangeSelect          0x08001c19   Thumb Code    10  stm32l4xx_ll_rcc.o(i.LL_RCC_MSI_IsEnabledRangeSelect)
    i.LL_RCC_PLL_GetDivider                  0x08001c28   Section        0  stm32l4xx_ll_rcc.o(i.LL_RCC_PLL_GetDivider)
    LL_RCC_PLL_GetDivider                    0x08001c29   Thumb Code    10  stm32l4xx_ll_rcc.o(i.LL_RCC_PLL_GetDivider)
    i.LL_RCC_PLL_GetMainSource               0x08001c38   Section        0  stm32l4xx_ll_rcc.o(i.LL_RCC_PLL_GetMainSource)
    LL_RCC_PLL_GetMainSource                 0x08001c39   Thumb Code    10  stm32l4xx_ll_rcc.o(i.LL_RCC_PLL_GetMainSource)
    i.LL_RCC_PLL_GetN                        0x08001c48   Section        0  stm32l4xx_ll_rcc.o(i.LL_RCC_PLL_GetN)
    LL_RCC_PLL_GetN                          0x08001c49   Thumb Code    10  stm32l4xx_ll_rcc.o(i.LL_RCC_PLL_GetN)
    i.LL_USART_Init                          0x08001c58   Section        0  stm32l4xx_ll_usart.o(i.LL_USART_Init)
    i.LL_USART_IsEnabled                     0x08001d60   Section        0  stm32l4xx_ll_usart.o(i.LL_USART_IsEnabled)
    LL_USART_IsEnabled                       0x08001d61   Thumb Code    10  stm32l4xx_ll_usart.o(i.LL_USART_IsEnabled)
    i.RCC_GetHCLKClockFreq                   0x08001d6c   Section        0  stm32l4xx_ll_rcc.o(i.RCC_GetHCLKClockFreq)
    i.RCC_GetPCLK1ClockFreq                  0x08001d8c   Section        0  stm32l4xx_ll_rcc.o(i.RCC_GetPCLK1ClockFreq)
    i.RCC_GetPCLK2ClockFreq                  0x08001db0   Section        0  stm32l4xx_ll_rcc.o(i.RCC_GetPCLK2ClockFreq)
    i.RCC_GetSystemClockFreq                 0x08001dd4   Section        0  stm32l4xx_ll_rcc.o(i.RCC_GetSystemClockFreq)
    i.RCC_PLL_GetFreqDomain_SYS              0x08001e90   Section        0  stm32l4xx_ll_rcc.o(i.RCC_PLL_GetFreqDomain_SYS)
    i.Switch_Read                            0x08001f64   Section        0  bsp476.o(i.Switch_Read)
    i.SysTick_Handler                        0x08001fa0   Section        0  bsp476.o(i.SysTick_Handler)
    i.SysTick_Init                           0x08001fb8   Section        0  main.o(i.SysTick_Init)
    i.SystemInit                             0x08001fdc   Section        0  system_stm32l4xx.o(i.SystemInit)
    i.USART_Init                             0x0800202c   Section        0  usart.o(i.USART_Init)
    i.__ARM_fpclassify                       0x080020b8   Section        0  fpclassify.o(i.__ARM_fpclassify)
    i.__hardfp_sqrt                          0x080020e8   Section        0  sqrt.o(i.__hardfp_sqrt)
    i._is_digit                              0x08002162   Section        0  __printf_wp.o(i._is_digit)
    i.averageVoltage                         0x08002170   Section        0  main.o(i.averageVoltage)
    i.checkVoltage                           0x080021a4   Section        0  main.o(i.checkVoltage)
    i.frequency                              0x08002268   Section        0  main.o(i.frequency)
    i.main                                   0x080022e0   Section        0  main.o(i.main)
    i.maximumVoltage                         0x080023e8   Section        0  main.o(i.maximumVoltage)
    i.minimumVoltage                         0x08002428   Section        0  main.o(i.minimumVoltage)
    i.rmsValue                               0x08002468   Section        0  main.o(i.rmsValue)
    i.send_char                              0x080024ec   Section        0  usart.o(i.send_char)
    i.takeReadings                           0x08002508   Section        0  main.o(i.takeReadings)
    locale$$code                             0x08002604   Section       44  lc_numeric_c.o(locale$$code)
    x$fpl$d2f                                0x08002630   Section       98  d2f.o(x$fpl$d2f)
    $v0                                      0x08002630   Number         0  d2f.o(x$fpl$d2f)
    x$fpl$dadd                               0x08002694   Section      336  daddsub_clz.o(x$fpl$dadd)
    $v0                                      0x08002694   Number         0  daddsub_clz.o(x$fpl$dadd)
    _dadd1                                   0x080026a5   Thumb Code     0  daddsub_clz.o(x$fpl$dadd)
    x$fpl$ddiv                               0x080027e4   Section      688  ddiv.o(x$fpl$ddiv)
    $v0                                      0x080027e4   Number         0  ddiv.o(x$fpl$ddiv)
    ddiv_entry                               0x080027eb   Thumb Code     0  ddiv.o(x$fpl$ddiv)
    x$fpl$dnaninf                            0x08002a94   Section      156  dnaninf.o(x$fpl$dnaninf)
    $v0                                      0x08002a94   Number         0  dnaninf.o(x$fpl$dnaninf)
    x$fpl$dretinf                            0x08002b30   Section       12  dretinf.o(x$fpl$dretinf)
    $v0                                      0x08002b30   Number         0  dretinf.o(x$fpl$dretinf)
    x$fpl$dsqrt                              0x08002b3c   Section      408  dsqrt_umaal.o(x$fpl$dsqrt)
    $v0                                      0x08002b3c   Number         0  dsqrt_umaal.o(x$fpl$dsqrt)
    x$fpl$dsub                               0x08002cd4   Section      468  daddsub_clz.o(x$fpl$dsub)
    $v0                                      0x08002cd4   Number         0  daddsub_clz.o(x$fpl$dsub)
    _dsub1                                   0x08002ce5   Thumb Code     0  daddsub_clz.o(x$fpl$dsub)
    x$fpl$f2d                                0x08002ea8   Section       86  f2d.o(x$fpl$f2d)
    $v0                                      0x08002ea8   Number         0  f2d.o(x$fpl$f2d)
    x$fpl$fnaninf                            0x08002efe   Section      140  fnaninf.o(x$fpl$fnaninf)
    $v0                                      0x08002efe   Number         0  fnaninf.o(x$fpl$fnaninf)
    x$fpl$fpinit                             0x08002f8a   Section       10  fpinit.o(x$fpl$fpinit)
    $v0                                      0x08002f8a   Number         0  fpinit.o(x$fpl$fpinit)
    x$fpl$fretinf                            0x08002f94   Section       10  fretinf.o(x$fpl$fretinf)
    $v0                                      0x08002f94   Number         0  fretinf.o(x$fpl$fretinf)
    x$fpl$printf1                            0x08002f9e   Section        4  printf1.o(x$fpl$printf1)
    $v0                                      0x08002f9e   Number         0  printf1.o(x$fpl$printf1)
    x$fpl$usenofp                            0x08002fa2   Section        0  usenofp.o(x$fpl$usenofp)
    .constdata                               0x08002fa4   Section       72  system_stm32l4xx.o(.constdata)
    .constdata                               0x08002fec   Section      148  bigflt0.o(.constdata)
    tenpwrs_x                                0x08002fec   Data          60  bigflt0.o(.constdata)
    tenpwrs_i                                0x08003028   Data          64  bigflt0.o(.constdata)
    .conststring                             0x08003080   Section      110  main.o(.conststring)
    locale$$data                             0x08003110   Section       28  lc_numeric_c.o(locale$$data)
    __lcnum_c_name                           0x08003114   Data           2  lc_numeric_c.o(locale$$data)
    __lcnum_c_start                          0x0800311c   Data           0  lc_numeric_c.o(locale$$data)
    __lcnum_c_point                          0x08003128   Data           0  lc_numeric_c.o(locale$$data)
    __lcnum_c_thousands                      0x0800312a   Data           0  lc_numeric_c.o(locale$$data)
    __lcnum_c_grouping                       0x0800312b   Data           0  lc_numeric_c.o(locale$$data)
    __lcnum_c_end                            0x0800312c   Data           0  lc_numeric_c.o(locale$$data)
    .data                                    0x20000000   Section       36  main.o(.data)
    .data                                    0x20000024   Section        4  bsp476.o(.data)
    .data                                    0x20000028   Section        4  system_stm32l4xx.o(.data)
    .bss                                     0x2000002c   Section     4000  main.o(.bss)
    .bss                                     0x20000fcc   Section       96  libspace.o(.bss)
    HEAP                                     0x20001030   Section      512  startup_stm32l476xx.o(HEAP)
    Heap_Mem                                 0x20001030   Data         512  startup_stm32l476xx.o(HEAP)
    STACK                                    0x20001230   Section     1024  startup_stm32l476xx.o(STACK)
    Stack_Mem                                0x20001230   Data        1024  startup_stm32l476xx.o(STACK)
    __initial_sp                             0x20001630   Data           0  startup_stm32l476xx.o(STACK)

    Global Symbols

    Symbol Name                              Value     Ov Type        Size  Object(Section)

    BuildAttributes$$THM_ISAv4$E$P$D$K$B$S$7EM$VFPi3$EXTD16$VFPS$VFMA$PE$A:L22UL41UL21$X:L11$S22US41US21$IEEE1$IW$USESV6$~STKCKD$USESV7$~SHL$OTIME$ROPI$IEEEJ$EBA8$UX$STANDARDLIB$REQ8$PRES8$EABIv2 0x00000000   Number         0  anon$$obj.o ABSOLUTE
    __ARM_use_no_argv                        0x00000000   Number         0  main.o ABSOLUTE
    _printf_flags                            0x00000000   Number         0  printf_stubs.o ABSOLUTE
    _printf_return_value                     0x00000000   Number         0  printf_stubs.o ABSOLUTE
    _printf_sizespec                         0x00000000   Number         0  printf_stubs.o ABSOLUTE
    _printf_widthprec                        0x00000000   Number         0  printf_stubs.o ABSOLUTE
    __ARM_exceptions_init                     - Undefined Weak Reference
    __alloca_initialize                       - Undefined Weak Reference
    __arm_preinit_                            - Undefined Weak Reference
    __cpp_initialize__aeabi_                  - Undefined Weak Reference
    __cxa_finalize                            - Undefined Weak Reference
    __sigvec_lookup                           - Undefined Weak Reference
    _atexit_init                              - Undefined Weak Reference
    _call_atexit_fns                          - Undefined Weak Reference
    _clock_init                               - Undefined Weak Reference
    _fp_trap_init                             - Undefined Weak Reference
    _fp_trap_shutdown                         - Undefined Weak Reference
    _get_lc_collate                           - Undefined Weak Reference
    _get_lc_ctype                             - Undefined Weak Reference
    _get_lc_monetary                          - Undefined Weak Reference
    _get_lc_time                              - Undefined Weak Reference
    _getenv_init                              - Undefined Weak Reference
    _handle_redirection                       - Undefined Weak Reference
    _init_alloc                               - Undefined Weak Reference
    _init_user_alloc                          - Undefined Weak Reference
    _initio                                   - Undefined Weak Reference
    _printf_truncate_signed                   - Undefined Weak Reference
    _printf_truncate_unsigned                 - Undefined Weak Reference
    _rand_init                                - Undefined Weak Reference
    _signal_finish                            - Undefined Weak Reference
    _signal_init                              - Undefined Weak Reference
    _terminate_alloc                          - Undefined Weak Reference
    _terminate_user_alloc                     - Undefined Weak Reference
    _terminateio                              - Undefined Weak Reference
    __Vectors_Size                           0x00000188   Number         0  startup_stm32l476xx.o ABSOLUTE
    __Vectors                                0x08000000   Data           4  startup_stm32l476xx.o(RESET)
    __Vectors_End                            0x08000188   Data           0  startup_stm32l476xx.o(RESET)
    __main                                   0x08000189   Thumb Code     8  __main.o(!!!main)
    __scatterload                            0x08000191   Thumb Code     0  __scatter.o(!!!scatter)
    __scatterload_rt2                        0x08000191   Thumb Code    44  __scatter.o(!!!scatter)
    __scatterload_rt2_thumb_only             0x08000191   Thumb Code     0  __scatter.o(!!!scatter)
    __scatterload_null                       0x0800019f   Thumb Code     0  __scatter.o(!!!scatter)
    __scatterload_copy                       0x080001c5   Thumb Code    26  __scatter_copy.o(!!handler_copy)
    __scatterload_zeroinit                   0x080001e1   Thumb Code    28  __scatter_zi.o(!!handler_zi)
    _printf_f                                0x080001fd   Thumb Code     0  _printf_f.o(.ARM.Collect$$_printf_percent$$00000003)
    _printf_percent                          0x080001fd   Thumb Code     0  _printf_percent.o(.ARM.Collect$$_printf_percent$$00000000)
    _printf_d                                0x08000203   Thumb Code     0  _printf_d.o(.ARM.Collect$$_printf_percent$$00000009)
    _printf_percent_end                      0x08000209   Thumb Code     0  _printf_percent_end.o(.ARM.Collect$$_printf_percent$$00000017)
    __rt_lib_init                            0x0800020d   Thumb Code     0  libinit.o(.ARM.Collect$$libinit$$00000000)
    __rt_lib_init_fp_1                       0x0800020f   Thumb Code     0  libinit2.o(.ARM.Collect$$libinit$$00000001)
    __rt_lib_init_heap_1                     0x08000213   Thumb Code     0  libinit2.o(.ARM.Collect$$libinit$$0000000A)
    __rt_lib_init_lc_common                  0x08000213   Thumb Code     0  libinit2.o(.ARM.Collect$$libinit$$0000000F)
    __rt_lib_init_preinit_1                  0x08000213   Thumb Code     0  libinit2.o(.ARM.Collect$$libinit$$00000004)
    __rt_lib_init_rand_1                     0x08000213   Thumb Code     0  libinit2.o(.ARM.Collect$$libinit$$0000000E)
    __rt_lib_init_user_alloc_1               0x08000213   Thumb Code     0  libinit2.o(.ARM.Collect$$libinit$$0000000C)
    __rt_lib_init_lc_collate_1               0x08000219   Thumb Code     0  libinit2.o(.ARM.Collect$$libinit$$00000011)
    __rt_lib_init_lc_ctype_1                 0x08000219   Thumb Code     0  libinit2.o(.ARM.Collect$$libinit$$00000013)
    __rt_lib_init_lc_monetary_1              0x08000219   Thumb Code     0  libinit2.o(.ARM.Collect$$libinit$$00000015)
    __rt_lib_init_lc_numeric_2               0x08000219   Thumb Code     0  libinit2.o(.ARM.Collect$$libinit$$00000016)
    __rt_lib_init_alloca_1                   0x08000223   Thumb Code     0  libinit2.o(.ARM.Collect$$libinit$$0000002E)
    __rt_lib_init_argv_1                     0x08000223   Thumb Code     0  libinit2.o(.ARM.Collect$$libinit$$0000002C)
    __rt_lib_init_atexit_1                   0x08000223   Thumb Code     0  libinit2.o(.ARM.Collect$$libinit$$0000001B)
    __rt_lib_init_clock_1                    0x08000223   Thumb Code     0  libinit2.o(.ARM.Collect$$libinit$$00000021)
    __rt_lib_init_cpp_1                      0x08000223   Thumb Code     0  libinit2.o(.ARM.Collect$$libinit$$00000032)
    __rt_lib_init_exceptions_1               0x08000223   Thumb Code     0  libinit2.o(.ARM.Collect$$libinit$$00000030)
    __rt_lib_init_fp_trap_1                  0x08000223   Thumb Code     0  libinit2.o(.ARM.Collect$$libinit$$0000001F)
    __rt_lib_init_getenv_1                   0x08000223   Thumb Code     0  libinit2.o(.ARM.Collect$$libinit$$00000023)
    __rt_lib_init_lc_numeric_1               0x08000223   Thumb Code     0  libinit2.o(.ARM.Collect$$libinit$$00000017)
    __rt_lib_init_lc_time_1                  0x08000223   Thumb Code     0  libinit2.o(.ARM.Collect$$libinit$$00000019)
    __rt_lib_init_return                     0x08000223   Thumb Code     0  libinit2.o(.ARM.Collect$$libinit$$00000033)
    __rt_lib_init_signal_1                   0x08000223   Thumb Code     0  libinit2.o(.ARM.Collect$$libinit$$0000001D)
    __rt_lib_init_stdio_1                    0x08000223   Thumb Code     0  libinit2.o(.ARM.Collect$$libinit$$00000025)
    __rt_lib_shutdown                        0x08000225   Thumb Code     0  libshutdown.o(.ARM.Collect$$libshutdown$$00000000)
    __rt_lib_shutdown_cpp_1                  0x08000227   Thumb Code     0  libshutdown2.o(.ARM.Collect$$libshutdown$$00000002)
    __rt_lib_shutdown_fp_trap_1              0x08000227   Thumb Code     0  libshutdown2.o(.ARM.Collect$$libshutdown$$00000007)
    __rt_lib_shutdown_heap_1                 0x08000227   Thumb Code     0  libshutdown2.o(.ARM.Collect$$libshutdown$$0000000F)
    __rt_lib_shutdown_return                 0x08000227   Thumb Code     0  libshutdown2.o(.ARM.Collect$$libshutdown$$00000010)
    __rt_lib_shutdown_signal_1               0x08000227   Thumb Code     0  libshutdown2.o(.ARM.Collect$$libshutdown$$0000000A)
    __rt_lib_shutdown_stdio_1                0x08000227   Thumb Code     0  libshutdown2.o(.ARM.Collect$$libshutdown$$00000004)
    __rt_lib_shutdown_user_alloc_1           0x08000227   Thumb Code     0  libshutdown2.o(.ARM.Collect$$libshutdown$$0000000C)
    __rt_entry                               0x08000229   Thumb Code     0  __rtentry.o(.ARM.Collect$$rtentry$$00000000)
    __rt_entry_presh_1                       0x08000229   Thumb Code     0  __rtentry2.o(.ARM.Collect$$rtentry$$00000002)
    __rt_entry_sh                            0x08000229   Thumb Code     0  __rtentry4.o(.ARM.Collect$$rtentry$$00000004)
    __rt_entry_li                            0x0800022f   Thumb Code     0  __rtentry2.o(.ARM.Collect$$rtentry$$0000000A)
    __rt_entry_postsh_1                      0x0800022f   Thumb Code     0  __rtentry2.o(.ARM.Collect$$rtentry$$00000009)
    __rt_entry_main                          0x08000233   Thumb Code     0  __rtentry2.o(.ARM.Collect$$rtentry$$0000000D)
    __rt_entry_postli_1                      0x08000233   Thumb Code     0  __rtentry2.o(.ARM.Collect$$rtentry$$0000000C)
    __rt_exit                                0x0800023b   Thumb Code     0  rtexit.o(.ARM.Collect$$rtexit$$00000000)
    __rt_exit_ls                             0x0800023d   Thumb Code     0  rtexit2.o(.ARM.Collect$$rtexit$$00000003)
    __rt_exit_prels_1                        0x0800023d   Thumb Code     0  rtexit2.o(.ARM.Collect$$rtexit$$00000002)
    __rt_exit_exit                           0x08000241   Thumb Code     0  rtexit2.o(.ARM.Collect$$rtexit$$00000004)
    Reset_Handler                            0x08000249   Thumb Code     8  startup_stm32l476xx.o(.text)
    NMI_Handler                              0x08000251   Thumb Code     2  startup_stm32l476xx.o(.text)
    HardFault_Handler                        0x08000253   Thumb Code     2  startup_stm32l476xx.o(.text)
    MemManage_Handler                        0x08000255   Thumb Code     2  startup_stm32l476xx.o(.text)
    BusFault_Handler                         0x08000257   Thumb Code     2  startup_stm32l476xx.o(.text)
    UsageFault_Handler                       0x08000259   Thumb Code     2  startup_stm32l476xx.o(.text)
    SVC_Handler                              0x0800025b   Thumb Code     2  startup_stm32l476xx.o(.text)
    DebugMon_Handler                         0x0800025d   Thumb Code     2  startup_stm32l476xx.o(.text)
    PendSV_Handler                           0x0800025f   Thumb Code     2  startup_stm32l476xx.o(.text)
    ADC1_2_IRQHandler                        0x08000263   Thumb Code     0  startup_stm32l476xx.o(.text)
    ADC3_IRQHandler                          0x08000263   Thumb Code     0  startup_stm32l476xx.o(.text)
    CAN1_RX0_IRQHandler                      0x08000263   Thumb Code     0  startup_stm32l476xx.o(.text)
    CAN1_RX1_IRQHandler                      0x08000263   Thumb Code     0  startup_stm32l476xx.o(.text)
    CAN1_SCE_IRQHandler                      0x08000263   Thumb Code     0  startup_stm32l476xx.o(.text)
    CAN1_TX_IRQHandler                       0x08000263   Thumb Code     0  startup_stm32l476xx.o(.text)
    COMP_IRQHandler                          0x08000263   Thumb Code     0  startup_stm32l476xx.o(.text)
    DFSDM1_FLT0_IRQHandler                   0x08000263   Thumb Code     0  startup_stm32l476xx.o(.text)
    DFSDM1_FLT1_IRQHandler                   0x08000263   Thumb Code     0  startup_stm32l476xx.o(.text)
    DFSDM1_FLT2_IRQHandler                   0x08000263   Thumb Code     0  startup_stm32l476xx.o(.text)
    DFSDM1_FLT3_IRQHandler                   0x08000263   Thumb Code     0  startup_stm32l476xx.o(.text)
    DMA1_Channel1_IRQHandler                 0x08000263   Thumb Code     0  startup_stm32l476xx.o(.text)
    DMA1_Channel2_IRQHandler                 0x08000263   Thumb Code     0  startup_stm32l476xx.o(.text)
    DMA1_Channel3_IRQHandler                 0x08000263   Thumb Code     0  startup_stm32l476xx.o(.text)
    DMA1_Channel4_IRQHandler                 0x08000263   Thumb Code     0  startup_stm32l476xx.o(.text)
    DMA1_Channel5_IRQHandler                 0x08000263   Thumb Code     0  startup_stm32l476xx.o(.text)
    DMA1_Channel6_IRQHandler                 0x08000263   Thumb Code     0  startup_stm32l476xx.o(.text)
    DMA1_Channel7_IRQHandler                 0x08000263   Thumb Code     0  startup_stm32l476xx.o(.text)
    DMA2_Channel1_IRQHandler                 0x08000263   Thumb Code     0  startup_stm32l476xx.o(.text)
    DMA2_Channel2_IRQHandler                 0x08000263   Thumb Code     0  startup_stm32l476xx.o(.text)
    DMA2_Channel3_IRQHandler                 0x08000263   Thumb Code     0  startup_stm32l476xx.o(.text)
    DMA2_Channel4_IRQHandler                 0x08000263   Thumb Code     0  startup_stm32l476xx.o(.text)
    DMA2_Channel5_IRQHandler                 0x08000263   Thumb Code     0  startup_stm32l476xx.o(.text)
    DMA2_Channel6_IRQHandler                 0x08000263   Thumb Code     0  startup_stm32l476xx.o(.text)
    DMA2_Channel7_IRQHandler                 0x08000263   Thumb Code     0  startup_stm32l476xx.o(.text)
    EXTI0_IRQHandler                         0x08000263   Thumb Code     0  startup_stm32l476xx.o(.text)
    EXTI15_10_IRQHandler                     0x08000263   Thumb Code     0  startup_stm32l476xx.o(.text)
    EXTI1_IRQHandler                         0x08000263   Thumb Code     0  startup_stm32l476xx.o(.text)
    EXTI2_IRQHandler                         0x08000263   Thumb Code     0  startup_stm32l476xx.o(.text)
    EXTI3_IRQHandler                         0x08000263   Thumb Code     0  startup_stm32l476xx.o(.text)
    EXTI4_IRQHandler                         0x08000263   Thumb Code     0  startup_stm32l476xx.o(.text)
    EXTI9_5_IRQHandler                       0x08000263   Thumb Code     0  startup_stm32l476xx.o(.text)
    FLASH_IRQHandler                         0x08000263   Thumb Code     0  startup_stm32l476xx.o(.text)
    FMC_IRQHandler                           0x08000263   Thumb Code     0  startup_stm32l476xx.o(.text)
    FPU_IRQHandler                           0x08000263   Thumb Code     0  startup_stm32l476xx.o(.text)
    I2C1_ER_IRQHandler                       0x08000263   Thumb Code     0  startup_stm32l476xx.o(.text)
    I2C1_EV_IRQHandler                       0x08000263   Thumb Code     0  startup_stm32l476xx.o(.text)
    I2C2_ER_IRQHandler                       0x08000263   Thumb Code     0  startup_stm32l476xx.o(.text)
    I2C2_EV_IRQHandler                       0x08000263   Thumb Code     0  startup_stm32l476xx.o(.text)
    I2C3_ER_IRQHandler                       0x08000263   Thumb Code     0  startup_stm32l476xx.o(.text)
    I2C3_EV_IRQHandler                       0x08000263   Thumb Code     0  startup_stm32l476xx.o(.text)
    LCD_IRQHandler                           0x08000263   Thumb Code     0  startup_stm32l476xx.o(.text)
    LPTIM1_IRQHandler                        0x08000263   Thumb Code     0  startup_stm32l476xx.o(.text)
    LPTIM2_IRQHandler                        0x08000263   Thumb Code     0  startup_stm32l476xx.o(.text)
    LPUART1_IRQHandler                       0x08000263   Thumb Code     0  startup_stm32l476xx.o(.text)
    OTG_FS_IRQHandler                        0x08000263   Thumb Code     0  startup_stm32l476xx.o(.text)
    PVD_PVM_IRQHandler                       0x08000263   Thumb Code     0  startup_stm32l476xx.o(.text)
    QUADSPI_IRQHandler                       0x08000263   Thumb Code     0  startup_stm32l476xx.o(.text)
    RCC_IRQHandler                           0x08000263   Thumb Code     0  startup_stm32l476xx.o(.text)
    RNG_IRQHandler                           0x08000263   Thumb Code     0  startup_stm32l476xx.o(.text)
    RTC_Alarm_IRQHandler                     0x08000263   Thumb Code     0  startup_stm32l476xx.o(.text)
    RTC_WKUP_IRQHandler                      0x08000263   Thumb Code     0  startup_stm32l476xx.o(.text)
    SAI1_IRQHandler                          0x08000263   Thumb Code     0  startup_stm32l476xx.o(.text)
    SAI2_IRQHandler                          0x08000263   Thumb Code     0  startup_stm32l476xx.o(.text)
    SDMMC1_IRQHandler                        0x08000263   Thumb Code     0  startup_stm32l476xx.o(.text)
    SPI1_IRQHandler                          0x08000263   Thumb Code     0  startup_stm32l476xx.o(.text)
    SPI2_IRQHandler                          0x08000263   Thumb Code     0  startup_stm32l476xx.o(.text)
    SPI3_IRQHandler                          0x08000263   Thumb Code     0  startup_stm32l476xx.o(.text)
    SWPMI1_IRQHandler                        0x08000263   Thumb Code     0  startup_stm32l476xx.o(.text)
    TAMP_STAMP_IRQHandler                    0x08000263   Thumb Code     0  startup_stm32l476xx.o(.text)
    TIM1_BRK_TIM15_IRQHandler                0x08000263   Thumb Code     0  startup_stm32l476xx.o(.text)
    TIM1_CC_IRQHandler                       0x08000263   Thumb Code     0  startup_stm32l476xx.o(.text)
    TIM1_TRG_COM_TIM17_IRQHandler            0x08000263   Thumb Code     0  startup_stm32l476xx.o(.text)
    TIM1_UP_TIM16_IRQHandler                 0x08000263   Thumb Code     0  startup_stm32l476xx.o(.text)
    TIM2_IRQHandler                          0x08000263   Thumb Code     0  startup_stm32l476xx.o(.text)
    TIM3_IRQHandler                          0x08000263   Thumb Code     0  startup_stm32l476xx.o(.text)
    TIM4_IRQHandler                          0x08000263   Thumb Code     0  startup_stm32l476xx.o(.text)
    TIM5_IRQHandler                          0x08000263   Thumb Code     0  startup_stm32l476xx.o(.text)
    TIM6_DAC_IRQHandler                      0x08000263   Thumb Code     0  startup_stm32l476xx.o(.text)
    TIM7_IRQHandler                          0x08000263   Thumb Code     0  startup_stm32l476xx.o(.text)
    TIM8_BRK_IRQHandler                      0x08000263   Thumb Code     0  startup_stm32l476xx.o(.text)
    TIM8_CC_IRQHandler                       0x08000263   Thumb Code     0  startup_stm32l476xx.o(.text)
    TIM8_TRG_COM_IRQHandler                  0x08000263   Thumb Code     0  startup_stm32l476xx.o(.text)
    TIM8_UP_IRQHandler                       0x08000263   Thumb Code     0  startup_stm32l476xx.o(.text)
    TSC_IRQHandler                           0x08000263   Thumb Code     0  startup_stm32l476xx.o(.text)
    UART4_IRQHandler                         0x08000263   Thumb Code     0  startup_stm32l476xx.o(.text)
    UART5_IRQHandler                         0x08000263   Thumb Code     0  startup_stm32l476xx.o(.text)
    USART1_IRQHandler                        0x08000263   Thumb Code     0  startup_stm32l476xx.o(.text)
    USART2_IRQHandler                        0x08000263   Thumb Code     0  startup_stm32l476xx.o(.text)
    USART3_IRQHandler                        0x08000263   Thumb Code     0  startup_stm32l476xx.o(.text)
    WWDG_IRQHandler                          0x08000263   Thumb Code     0  startup_stm32l476xx.o(.text)
    __user_initial_stackheap                 0x08000265   Thumb Code     0  startup_stm32l476xx.o(.text)
    __2sprintf                               0x08000289   Thumb Code    34  noretval__2sprintf.o(.text)
    _printf_pre_padding                      0x080002b1   Thumb Code    44  _printf_pad.o(.text)
    _printf_post_padding                     0x080002dd   Thumb Code    34  _printf_pad.o(.text)
    _printf_int_dec                          0x08000301   Thumb Code   104  _printf_dec.o(.text)
    __printf                                 0x08000379   Thumb Code   270  __printf_wp.o(.text)
    strlen                                   0x08000487   Thumb Code    62  strlen.o(.text)
    strcmp                                   0x080004c5   Thumb Code   128  strcmpv7m.o(.text)
    __use_two_region_memory                  0x08000545   Thumb Code     2  heapauxi.o(.text)
    __rt_heap_escrow$2region                 0x08000547   Thumb Code     2  heapauxi.o(.text)
    __rt_heap_expand$2region                 0x08000549   Thumb Code     2  heapauxi.o(.text)
    __read_errno                             0x0800054b   Thumb Code    10  _rserrno.o(.text)
    __set_errno                              0x08000555   Thumb Code    12  _rserrno.o(.text)
    _printf_int_common                       0x08000561   Thumb Code   178  _printf_intcommon.o(.text)
    __lib_sel_fp_printf                      0x08000613   Thumb Code     2  _printf_fp_dec.o(.text)
    _printf_fp_dec_real                      0x080007c5   Thumb Code   620  _printf_fp_dec.o(.text)
    _printf_char_common                      0x08000a43   Thumb Code    32  _printf_char_common.o(.text)
    _sputc                                   0x08000a69   Thumb Code    10  _sputc.o(.text)
    __rt_locale                              0x08000a75   Thumb Code     8  rt_locale_intlibspace.o(.text)
    __aeabi_errno_addr                       0x08000a7d   Thumb Code     8  rt_errno_addr_intlibspace.o(.text)
    __errno$intlibspace                      0x08000a7d   Thumb Code     0  rt_errno_addr_intlibspace.o(.text)
    __rt_errno_addr$intlibspace              0x08000a7d   Thumb Code     0  rt_errno_addr_intlibspace.o(.text)
    _ll_udiv10                               0x08000a85   Thumb Code   138  lludiv10.o(.text)
    _printf_fp_infnan                        0x08000b11   Thumb Code   112  _printf_fp_infnan.o(.text)
    _btod_etento                             0x08000b91   Thumb Code   224  bigflt0.o(.text)
    __user_libspace                          0x08000c75   Thumb Code     8  libspace.o(.text)
    __user_perproc_libspace                  0x08000c75   Thumb Code     0  libspace.o(.text)
    __user_perthread_libspace                0x08000c75   Thumb Code     0  libspace.o(.text)
    __user_setup_stackheap                   0x08000c7d   Thumb Code    74  sys_stackheap_outer.o(.text)
    exit                                     0x08000cc7   Thumb Code    18  exit.o(.text)
    _sys_exit                                0x08000cd9   Thumb Code     8  sys_exit.o(.text)
    __I$use$semihosting                      0x08000ce5   Thumb Code     0  use_no_semi.o(.text)
    __use_no_semihosting_swi                 0x08000ce5   Thumb Code     2  use_no_semi.o(.text)
    __semihosting_library_function           0x08000ce7   Thumb Code     0  indicate_semi.o(.text)
    _btod_d2e                                0x08000ce7   Thumb Code    62  btod.o(CL$$btod_d2e)
    _d2e_denorm_low                          0x08000d25   Thumb Code    70  btod.o(CL$$btod_d2e_denorm_low)
    _d2e_norm_op1                            0x08000d6b   Thumb Code    96  btod.o(CL$$btod_d2e_norm_op1)
    __btod_div_common                        0x08000dcb   Thumb Code   696  btod.o(CL$$btod_div_common)
    _e2e                                     0x08001103   Thumb Code   220  btod.o(CL$$btod_e2e)
    _btod_ediv                               0x080011df   Thumb Code    42  btod.o(CL$$btod_ediv)
    _btod_emul                               0x08001209   Thumb Code    42  btod.o(CL$$btod_emul)
    __btod_mult_common                       0x08001233   Thumb Code   580  btod.o(CL$$btod_mult_common)
    ADC_Init                                 0x08001479   Thumb Code   396  adc.o(i.ADC_Init)
    BSP476_Init                              0x0800161d   Thumb Code   118  bsp476.o(i.BSP476_Init)
    DAC_Init                                 0x08001699   Thumb Code   202  dac.o(i.DAC_Init)
    Delay_ms                                 0x08001771   Thumb Code    16  bsp476.o(i.Delay_ms)
    LED_Off                                  0x08001785   Thumb Code    80  bsp476.o(i.LED_Off)
    LED_On                                   0x080017d5   Thumb Code    80  bsp476.o(i.LED_On)
    LL_GPIO_Init                             0x08001879   Thumb Code   312  stm32l4xx_ll_gpio.o(i.LL_GPIO_Init)
    LL_GPIO_StructInit                       0x080019b1   Thumb Code    22  stm32l4xx_ll_gpio.o(i.LL_GPIO_StructInit)
    LL_RCC_GetUARTClockFreq                  0x080019c9   Thumb Code   194  stm32l4xx_ll_rcc.o(i.LL_RCC_GetUARTClockFreq)
    LL_RCC_GetUSARTClockFreq                 0x08001aa9   Thumb Code   278  stm32l4xx_ll_rcc.o(i.LL_RCC_GetUSARTClockFreq)
    LL_USART_Init                            0x08001c59   Thumb Code   238  stm32l4xx_ll_usart.o(i.LL_USART_Init)
    RCC_GetHCLKClockFreq                     0x08001d6d   Thumb Code    24  stm32l4xx_ll_rcc.o(i.RCC_GetHCLKClockFreq)
    RCC_GetPCLK1ClockFreq                    0x08001d8d   Thumb Code    26  stm32l4xx_ll_rcc.o(i.RCC_GetPCLK1ClockFreq)
    RCC_GetPCLK2ClockFreq                    0x08001db1   Thumb Code    26  stm32l4xx_ll_rcc.o(i.RCC_GetPCLK2ClockFreq)
    RCC_GetSystemClockFreq                   0x08001dd5   Thumb Code   170  stm32l4xx_ll_rcc.o(i.RCC_GetSystemClockFreq)
    RCC_PLL_GetFreqDomain_SYS                0x08001e91   Thumb Code   194  stm32l4xx_ll_rcc.o(i.RCC_PLL_GetFreqDomain_SYS)
    Switch_Read                              0x08001f65   Thumb Code    58  bsp476.o(i.Switch_Read)
    SysTick_Handler                          0x08001fa1   Thumb Code    18  bsp476.o(i.SysTick_Handler)
    SysTick_Init                             0x08001fb9   Thumb Code    32  main.o(i.SysTick_Init)
    SystemInit                               0x08001fdd   Thumb Code    68  system_stm32l4xx.o(i.SystemInit)
    USART_Init                               0x0800202d   Thumb Code   132  usart.o(i.USART_Init)
    __ARM_fpclassify                         0x080020b9   Thumb Code    48  fpclassify.o(i.__ARM_fpclassify)
    __hardfp_sqrt                            0x080020e9   Thumb Code   122  sqrt.o(i.__hardfp_sqrt)
    _is_digit                                0x08002163   Thumb Code    14  __printf_wp.o(i._is_digit)
    averageVoltage                           0x08002171   Thumb Code    44  main.o(i.averageVoltage)
    checkVoltage                             0x080021a5   Thumb Code   172  main.o(i.checkVoltage)
    frequency                                0x08002269   Thumb Code   112  main.o(i.frequency)
    main                                     0x080022e1   Thumb Code   234  main.o(i.main)
    maximumVoltage                           0x080023e9   Thumb Code    56  main.o(i.maximumVoltage)
    minimumVoltage                           0x08002429   Thumb Code    56  main.o(i.minimumVoltage)
    rmsValue                                 0x08002469   Thumb Code   120  main.o(i.rmsValue)
    send_char                                0x080024ed   Thumb Code    24  usart.o(i.send_char)
    takeReadings                             0x08002509   Thumb Code   220  main.o(i.takeReadings)
    _get_lc_numeric                          0x08002605   Thumb Code    44  lc_numeric_c.o(locale$$code)
    __aeabi_d2f                              0x08002631   Thumb Code     0  d2f.o(x$fpl$d2f)
    _d2f                                     0x08002631   Thumb Code    98  d2f.o(x$fpl$d2f)
    __aeabi_dadd                             0x08002695   Thumb Code     0  daddsub_clz.o(x$fpl$dadd)
    _dadd                                    0x08002695   Thumb Code   332  daddsub_clz.o(x$fpl$dadd)
    __aeabi_ddiv                             0x080027e5   Thumb Code     0  ddiv.o(x$fpl$ddiv)
    _ddiv                                    0x080027e5   Thumb Code   552  ddiv.o(x$fpl$ddiv)
    __fpl_dnaninf                            0x08002a95   Thumb Code   156  dnaninf.o(x$fpl$dnaninf)
    __fpl_dretinf                            0x08002b31   Thumb Code    12  dretinf.o(x$fpl$dretinf)
    _dsqrt                                   0x08002b3d   Thumb Code   404  dsqrt_umaal.o(x$fpl$dsqrt)
    __aeabi_dsub                             0x08002cd5   Thumb Code     0  daddsub_clz.o(x$fpl$dsub)
    _dsub                                    0x08002cd5   Thumb Code   464  daddsub_clz.o(x$fpl$dsub)
    __aeabi_f2d                              0x08002ea9   Thumb Code     0  f2d.o(x$fpl$f2d)
    _f2d                                     0x08002ea9   Thumb Code    86  f2d.o(x$fpl$f2d)
    __fpl_fnaninf                            0x08002eff   Thumb Code   140  fnaninf.o(x$fpl$fnaninf)
    _fp_init                                 0x08002f8b   Thumb Code    10  fpinit.o(x$fpl$fpinit)
    __fplib_config_fpu_vfp                   0x08002f93   Thumb Code     0  fpinit.o(x$fpl$fpinit)
    __fplib_config_pureend_doubles           0x08002f93   Thumb Code     0  fpinit.o(x$fpl$fpinit)
    __fpl_fretinf                            0x08002f95   Thumb Code    10  fretinf.o(x$fpl$fretinf)
    _printf_fp_dec                           0x08002f9f   Thumb Code     4  printf1.o(x$fpl$printf1)
    __I$use$fp                               0x08002fa2   Number         0  usenofp.o(x$fpl$usenofp)
    AHBPrescTable                            0x08002fa4   Data          16  system_stm32l4xx.o(.constdata)
    APBPrescTable                            0x08002fb4   Data           8  system_stm32l4xx.o(.constdata)
    MSIRangeTable                            0x08002fbc   Data          48  system_stm32l4xx.o(.constdata)
    Region$$Table$$Base                      0x080030f0   Number         0  anon$$obj.o(Region$$Table)
    Region$$Table$$Limit                     0x08003110   Number         0  anon$$obj.o(Region$$Table)
    logic                                    0x20000000   Data           4  main.o(.data)
    length                                   0x20000004   Data           4  main.o(.data)
    freqCount                                0x20000008   Data           4  main.o(.data)
    freq                                     0x2000000c   Data           4  main.o(.data)
    value                                    0x20000010   Data           4  main.o(.data)
    avgVoltage                               0x20000014   Data           4  main.o(.data)
    minVoltage                               0x20000018   Data           4  main.o(.data)
    maxVoltage                               0x2000001c   Data           4  main.o(.data)
    rmsVoltage                               0x20000020   Data           4  main.o(.data)
    ms_time                                  0x20000024   Data           4  bsp476.o(.data)
    SystemCoreClock                          0x20000028   Data           4  system_stm32l4xx.o(.data)
    adcValues                                0x2000002c   Data        4000  main.o(.bss)
    __libspace_start                         0x20000fcc   Data          96  libspace.o(.bss)
    __temporary_stack_top$libspace           0x2000102c   Data           0  libspace.o(.bss)



==============================================================================

Memory Map of the image

  Image Entry point : 0x08000249

  Load Region LR_1 (Base: 0x08000000, Size: 0x00003158, Max: 0xffffffff, ABSOLUTE)

    Execution Region ER_RO (Exec base: 0x08000000, Load base: 0x08000000, Size: 0x0000312c, Max: 0xffffffff, ABSOLUTE)

    Exec Addr    Load Addr    Size         Type   Attr      Idx    E Section Name        Object

    0x08000000   0x08000000   0x00000188   Data   RO          949    RESET               startup_stm32l476xx.o
    0x08000188   0x08000188   0x00000008   Code   RO         1032  * !!!main             c_w.l(__main.o)
    0x08000190   0x08000190   0x00000034   Code   RO         1291    !!!scatter          c_w.l(__scatter.o)
    0x080001c4   0x080001c4   0x0000001a   Code   RO         1293    !!handler_copy      c_w.l(__scatter_copy.o)
    0x080001de   0x080001de   0x00000002   PAD
    0x080001e0   0x080001e0   0x0000001c   Code   RO         1295    !!handler_zi        c_w.l(__scatter_zi.o)
    0x080001fc   0x080001fc   0x00000000   Code   RO         1025    .ARM.Collect$$_printf_percent$$00000000  c_w.l(_printf_percent.o)
    0x080001fc   0x080001fc   0x00000006   Code   RO         1024    .ARM.Collect$$_printf_percent$$00000003  c_w.l(_printf_f.o)
    0x08000202   0x08000202   0x00000006   Code   RO         1023    .ARM.Collect$$_printf_percent$$00000009  c_w.l(_printf_d.o)
    0x08000208   0x08000208   0x00000004   Code   RO         1073    .ARM.Collect$$_printf_percent$$00000017  c_w.l(_printf_percent_end.o)
    0x0800020c   0x0800020c   0x00000002   Code   RO         1164    .ARM.Collect$$libinit$$00000000  c_w.l(libinit.o)
    0x0800020e   0x0800020e   0x00000004   Code   RO         1165    .ARM.Collect$$libinit$$00000001  c_w.l(libinit2.o)
    0x08000212   0x08000212   0x00000000   Code   RO         1168    .ARM.Collect$$libinit$$00000004  c_w.l(libinit2.o)
    0x08000212   0x08000212   0x00000000   Code   RO         1171    .ARM.Collect$$libinit$$0000000A  c_w.l(libinit2.o)
    0x08000212   0x08000212   0x00000000   Code   RO         1173    .ARM.Collect$$libinit$$0000000C  c_w.l(libinit2.o)
    0x08000212   0x08000212   0x00000000   Code   RO         1175    .ARM.Collect$$libinit$$0000000E  c_w.l(libinit2.o)
    0x08000212   0x08000212   0x00000006   Code   RO         1176    .ARM.Collect$$libinit$$0000000F  c_w.l(libinit2.o)
    0x08000218   0x08000218   0x00000000   Code   RO         1178    .ARM.Collect$$libinit$$00000011  c_w.l(libinit2.o)
    0x08000218   0x08000218   0x00000000   Code   RO         1180    .ARM.Collect$$libinit$$00000013  c_w.l(libinit2.o)
    0x08000218   0x08000218   0x00000000   Code   RO         1182    .ARM.Collect$$libinit$$00000015  c_w.l(libinit2.o)
    0x08000218   0x08000218   0x0000000a   Code   RO         1183    .ARM.Collect$$libinit$$00000016  c_w.l(libinit2.o)
    0x08000222   0x08000222   0x00000000   Code   RO         1184    .ARM.Collect$$libinit$$00000017  c_w.l(libinit2.o)
    0x08000222   0x08000222   0x00000000   Code   RO         1186    .ARM.Collect$$libinit$$00000019  c_w.l(libinit2.o)
    0x08000222   0x08000222   0x00000000   Code   RO         1188    .ARM.Collect$$libinit$$0000001B  c_w.l(libinit2.o)
    0x08000222   0x08000222   0x00000000   Code   RO         1190    .ARM.Collect$$libinit$$0000001D  c_w.l(libinit2.o)
    0x08000222   0x08000222   0x00000000   Code   RO         1192    .ARM.Collect$$libinit$$0000001F  c_w.l(libinit2.o)
    0x08000222   0x08000222   0x00000000   Code   RO         1194    .ARM.Collect$$libinit$$00000021  c_w.l(libinit2.o)
    0x08000222   0x08000222   0x00000000   Code   RO         1196    .ARM.Collect$$libinit$$00000023  c_w.l(libinit2.o)
    0x08000222   0x08000222   0x00000000   Code   RO         1198    .ARM.Collect$$libinit$$00000025  c_w.l(libinit2.o)
    0x08000222   0x08000222   0x00000000   Code   RO         1202    .ARM.Collect$$libinit$$0000002C  c_w.l(libinit2.o)
    0x08000222   0x08000222   0x00000000   Code   RO         1204    .ARM.Collect$$libinit$$0000002E  c_w.l(libinit2.o)
    0x08000222   0x08000222   0x00000000   Code   RO         1206    .ARM.Collect$$libinit$$00000030  c_w.l(libinit2.o)
    0x08000222   0x08000222   0x00000000   Code   RO         1208    .ARM.Collect$$libinit$$00000032  c_w.l(libinit2.o)
    0x08000222   0x08000222   0x00000002   Code   RO         1209    .ARM.Collect$$libinit$$00000033  c_w.l(libinit2.o)
    0x08000224   0x08000224   0x00000002   Code   RO         1239    .ARM.Collect$$libshutdown$$00000000  c_w.l(libshutdown.o)
    0x08000226   0x08000226   0x00000000   Code   RO         1250    .ARM.Collect$$libshutdown$$00000002  c_w.l(libshutdown2.o)
    0x08000226   0x08000226   0x00000000   Code   RO         1252    .ARM.Collect$$libshutdown$$00000004  c_w.l(libshutdown2.o)
    0x08000226   0x08000226   0x00000000   Code   RO         1255    .ARM.Collect$$libshutdown$$00000007  c_w.l(libshutdown2.o)
    0x08000226   0x08000226   0x00000000   Code   RO         1258    .ARM.Collect$$libshutdown$$0000000A  c_w.l(libshutdown2.o)
    0x08000226   0x08000226   0x00000000   Code   RO         1260    .ARM.Collect$$libshutdown$$0000000C  c_w.l(libshutdown2.o)
    0x08000226   0x08000226   0x00000000   Code   RO         1263    .ARM.Collect$$libshutdown$$0000000F  c_w.l(libshutdown2.o)
    0x08000226   0x08000226   0x00000002   Code   RO         1264    .ARM.Collect$$libshutdown$$00000010  c_w.l(libshutdown2.o)
    0x08000228   0x08000228   0x00000000   Code   RO         1062    .ARM.Collect$$rtentry$$00000000  c_w.l(__rtentry.o)
    0x08000228   0x08000228   0x00000000   Code   RO         1088    .ARM.Collect$$rtentry$$00000002  c_w.l(__rtentry2.o)
    0x08000228   0x08000228   0x00000006   Code   RO         1100    .ARM.Collect$$rtentry$$00000004  c_w.l(__rtentry4.o)
    0x0800022e   0x0800022e   0x00000000   Code   RO         1090    .ARM.Collect$$rtentry$$00000009  c_w.l(__rtentry2.o)
    0x0800022e   0x0800022e   0x00000004   Code   RO         1091    .ARM.Collect$$rtentry$$0000000A  c_w.l(__rtentry2.o)
    0x08000232   0x08000232   0x00000000   Code   RO         1093    .ARM.Collect$$rtentry$$0000000C  c_w.l(__rtentry2.o)
    0x08000232   0x08000232   0x00000008   Code   RO         1094    .ARM.Collect$$rtentry$$0000000D  c_w.l(__rtentry2.o)
    0x0800023a   0x0800023a   0x00000002   Code   RO         1210    .ARM.Collect$$rtexit$$00000000  c_w.l(rtexit.o)
    0x0800023c   0x0800023c   0x00000000   Code   RO         1217    .ARM.Collect$$rtexit$$00000002  c_w.l(rtexit2.o)
    0x0800023c   0x0800023c   0x00000004   Code   RO         1218    .ARM.Collect$$rtexit$$00000003  c_w.l(rtexit2.o)
    0x08000240   0x08000240   0x00000006   Code   RO         1219    .ARM.Collect$$rtexit$$00000004  c_w.l(rtexit2.o)
    0x08000246   0x08000246   0x00000002   PAD
    0x08000248   0x08000248   0x00000040   Code   RO          950  * .text               startup_stm32l476xx.o
    0x08000288   0x08000288   0x00000028   Code   RO          995    .text               c_w.l(noretval__2sprintf.o)
    0x080002b0   0x080002b0   0x0000004e   Code   RO          999    .text               c_w.l(_printf_pad.o)
    0x080002fe   0x080002fe   0x00000002   PAD
    0x08000300   0x08000300   0x00000078   Code   RO         1001    .text               c_w.l(_printf_dec.o)
    0x08000378   0x08000378   0x0000010e   Code   RO         1011    .text               c_w.l(__printf_wp.o)
    0x08000486   0x08000486   0x0000003e   Code   RO         1026    .text               c_w.l(strlen.o)
    0x080004c4   0x080004c4   0x00000080   Code   RO         1028    .text               c_w.l(strcmpv7m.o)
    0x08000544   0x08000544   0x00000006   Code   RO         1030    .text               c_w.l(heapauxi.o)
    0x0800054a   0x0800054a   0x00000016   Code   RO         1063    .text               c_w.l(_rserrno.o)
    0x08000560   0x08000560   0x000000b2   Code   RO         1065    .text               c_w.l(_printf_intcommon.o)
    0x08000612   0x08000612   0x00000424   Code   RO         1067    .text               c_w.l(_printf_fp_dec.o)
    0x08000a36   0x08000a36   0x00000002   PAD
    0x08000a38   0x08000a38   0x00000030   Code   RO         1069    .text               c_w.l(_printf_char_common.o)
    0x08000a68   0x08000a68   0x0000000a   Code   RO         1071    .text               c_w.l(_sputc.o)
    0x08000a72   0x08000a72   0x00000002   PAD
    0x08000a74   0x08000a74   0x00000008   Code   RO         1105    .text               c_w.l(rt_locale_intlibspace.o)
    0x08000a7c   0x08000a7c   0x00000008   Code   RO         1110    .text               c_w.l(rt_errno_addr_intlibspace.o)
    0x08000a84   0x08000a84   0x0000008a   Code   RO         1112    .text               c_w.l(lludiv10.o)
    0x08000b0e   0x08000b0e   0x00000002   PAD
    0x08000b10   0x08000b10   0x00000080   Code   RO         1114    .text               c_w.l(_printf_fp_infnan.o)
    0x08000b90   0x08000b90   0x000000e4   Code   RO         1118    .text               c_w.l(bigflt0.o)
    0x08000c74   0x08000c74   0x00000008   Code   RO         1152    .text               c_w.l(libspace.o)
    0x08000c7c   0x08000c7c   0x0000004a   Code   RO         1155    .text               c_w.l(sys_stackheap_outer.o)
    0x08000cc6   0x08000cc6   0x00000012   Code   RO         1157    .text               c_w.l(exit.o)
    0x08000cd8   0x08000cd8   0x0000000c   Code   RO         1229    .text               c_w.l(sys_exit.o)
    0x08000ce4   0x08000ce4   0x00000002   Code   RO         1240    .text               c_w.l(use_no_semi.o)
    0x08000ce6   0x08000ce6   0x00000000   Code   RO         1242    .text               c_w.l(indicate_semi.o)
    0x08000ce6   0x08000ce6   0x0000003e   Code   RO         1121    CL$$btod_d2e        c_w.l(btod.o)
    0x08000d24   0x08000d24   0x00000046   Code   RO         1123    CL$$btod_d2e_denorm_low  c_w.l(btod.o)
    0x08000d6a   0x08000d6a   0x00000060   Code   RO         1122    CL$$btod_d2e_norm_op1  c_w.l(btod.o)
    0x08000dca   0x08000dca   0x00000338   Code   RO         1131    CL$$btod_div_common  c_w.l(btod.o)
    0x08001102   0x08001102   0x000000dc   Code   RO         1128    CL$$btod_e2e        c_w.l(btod.o)
    0x080011de   0x080011de   0x0000002a   Code   RO         1125    CL$$btod_ediv       c_w.l(btod.o)
    0x08001208   0x08001208   0x0000002a   Code   RO         1124    CL$$btod_emul       c_w.l(btod.o)
    0x08001232   0x08001232   0x00000244   Code   RO         1130    CL$$btod_mult_common  c_w.l(btod.o)
    0x08001476   0x08001476   0x00000002   PAD
    0x08001478   0x08001478   0x000001a4   Code   RO          254    i.ADC_Init          adc.o
    0x0800161c   0x0800161c   0x0000007c   Code   RO          149    i.BSP476_Init       bsp476.o
    0x08001698   0x08001698   0x000000d8   Code   RO          290    i.DAC_Init          dac.o
    0x08001770   0x08001770   0x00000014   Code   RO          150    i.Delay_ms          bsp476.o
    0x08001784   0x08001784   0x00000050   Code   RO          151    i.LED_Off           bsp476.o
    0x080017d4   0x080017d4   0x00000050   Code   RO          152    i.LED_On            bsp476.o
    0x08001824   0x08001824   0x0000000a   Code   RO            4    i.LL_ADC_IsActiveFlag_EOC  main.o
    0x0800182e   0x0800182e   0x00000008   Code   RO            5    i.LL_ADC_REG_ReadConversionData12  main.o
    0x08001836   0x08001836   0x00000002   PAD
    0x08001838   0x08001838   0x00000010   Code   RO            6    i.LL_ADC_REG_StartConversion  main.o
    0x08001848   0x08001848   0x00000014   Code   RO            7    i.LL_ADC_REG_StopConversion  main.o
    0x0800185c   0x0800185c   0x0000001c   Code   RO            8    i.LL_DAC_ConvertData12RightAligned  main.o
    0x08001878   0x08001878   0x00000138   Code   RO          555    i.LL_GPIO_Init      stm32l4xx_ll_gpio.o
    0x080019b0   0x080019b0   0x00000016   Code   RO          556    i.LL_GPIO_StructInit  stm32l4xx_ll_gpio.o
    0x080019c6   0x080019c6   0x00000002   PAD
    0x080019c8   0x080019c8   0x000000cc   Code   RO          615    i.LL_RCC_GetUARTClockFreq  stm32l4xx_ll_rcc.o
    0x08001a94   0x08001a94   0x00000014   Code   RO          616    i.LL_RCC_GetUARTClockSource  stm32l4xx_ll_rcc.o
    0x08001aa8   0x08001aa8   0x0000011c   Code   RO          617    i.LL_RCC_GetUSARTClockFreq  stm32l4xx_ll_rcc.o
    0x08001bc4   0x08001bc4   0x00000014   Code   RO          618    i.LL_RCC_GetUSARTClockSource  stm32l4xx_ll_rcc.o
    0x08001bd8   0x08001bd8   0x00000010   Code   RO          620    i.LL_RCC_HSI_IsReady  stm32l4xx_ll_rcc.o
    0x08001be8   0x08001be8   0x00000010   Code   RO          621    i.LL_RCC_LSE_IsReady  stm32l4xx_ll_rcc.o
    0x08001bf8   0x08001bf8   0x00000010   Code   RO          623    i.LL_RCC_MSI_GetRange  stm32l4xx_ll_rcc.o
    0x08001c08   0x08001c08   0x00000010   Code   RO          624    i.LL_RCC_MSI_GetRangeAfterStandby  stm32l4xx_ll_rcc.o
    0x08001c18   0x08001c18   0x00000010   Code   RO          625    i.LL_RCC_MSI_IsEnabledRangeSelect  stm32l4xx_ll_rcc.o
    0x08001c28   0x08001c28   0x00000010   Code   RO          631    i.LL_RCC_PLL_GetDivider  stm32l4xx_ll_rcc.o
    0x08001c38   0x08001c38   0x00000010   Code   RO          632    i.LL_RCC_PLL_GetMainSource  stm32l4xx_ll_rcc.o
    0x08001c48   0x08001c48   0x00000010   Code   RO          633    i.LL_RCC_PLL_GetN   stm32l4xx_ll_rcc.o
    0x08001c58   0x08001c58   0x00000108   Code   RO          883    i.LL_USART_Init     stm32l4xx_ll_usart.o
    0x08001d60   0x08001d60   0x0000000a   Code   RO          884    i.LL_USART_IsEnabled  stm32l4xx_ll_usart.o
    0x08001d6a   0x08001d6a   0x00000002   PAD
    0x08001d6c   0x08001d6c   0x00000020   Code   RO          635    i.RCC_GetHCLKClockFreq  stm32l4xx_ll_rcc.o
    0x08001d8c   0x08001d8c   0x00000024   Code   RO          636    i.RCC_GetPCLK1ClockFreq  stm32l4xx_ll_rcc.o
    0x08001db0   0x08001db0   0x00000024   Code   RO          637    i.RCC_GetPCLK2ClockFreq  stm32l4xx_ll_rcc.o
    0x08001dd4   0x08001dd4   0x000000bc   Code   RO          638    i.RCC_GetSystemClockFreq  stm32l4xx_ll_rcc.o
    0x08001e90   0x08001e90   0x000000d4   Code   RO          646    i.RCC_PLL_GetFreqDomain_SYS  stm32l4xx_ll_rcc.o
    0x08001f64   0x08001f64   0x0000003a   Code   RO          154    i.Switch_Read       bsp476.o
    0x08001f9e   0x08001f9e   0x00000002   PAD
    0x08001fa0   0x08001fa0   0x00000018   Code   RO          155    i.SysTick_Handler   bsp476.o
    0x08001fb8   0x08001fb8   0x00000024   Code   RO            9    i.SysTick_Init      main.o
    0x08001fdc   0x08001fdc   0x00000050   Code   RO          958    i.SystemInit        system_stm32l4xx.o
    0x0800202c   0x0800202c   0x0000008c   Code   RO          218    i.USART_Init        usart.o
    0x080020b8   0x080020b8   0x00000030   Code   RO         1150    i.__ARM_fpclassify  m_wm.l(fpclassify.o)
    0x080020e8   0x080020e8   0x0000007a   Code   RO         1050    i.__hardfp_sqrt     m_wm.l(sqrt.o)
    0x08002162   0x08002162   0x0000000e   Code   RO         1013    i._is_digit         c_w.l(__printf_wp.o)
    0x08002170   0x08002170   0x00000034   Code   RO           10    i.averageVoltage    main.o
    0x080021a4   0x080021a4   0x000000c4   Code   RO           11    i.checkVoltage      main.o
    0x08002268   0x08002268   0x00000078   Code   RO           12    i.frequency         main.o
    0x080022e0   0x080022e0   0x00000108   Code   RO           13    i.main              main.o
    0x080023e8   0x080023e8   0x00000040   Code   RO           14    i.maximumVoltage    main.o
    0x08002428   0x08002428   0x00000040   Code   RO           15    i.minimumVoltage    main.o
    0x08002468   0x08002468   0x00000084   Code   RO           16    i.rmsValue          main.o
    0x080024ec   0x080024ec   0x0000001c   Code   RO          219    i.send_char         usart.o
    0x08002508   0x08002508   0x000000fc   Code   RO           17    i.takeReadings      main.o
    0x08002604   0x08002604   0x0000002c   Code   RO         1144    locale$$code        c_w.l(lc_numeric_c.o)
    0x08002630   0x08002630   0x00000062   Code   RO         1034    x$fpl$d2f           fz_wm.l(d2f.o)
    0x08002692   0x08002692   0x00000002   PAD
    0x08002694   0x08002694   0x00000150   Code   RO         1036    x$fpl$dadd          fz_wm.l(daddsub_clz.o)
    0x080027e4   0x080027e4   0x000002b0   Code   RO         1043    x$fpl$ddiv          fz_wm.l(ddiv.o)
    0x08002a94   0x08002a94   0x0000009c   Code   RO         1076    x$fpl$dnaninf       fz_wm.l(dnaninf.o)
    0x08002b30   0x08002b30   0x0000000c   Code   RO         1078    x$fpl$dretinf       fz_wm.l(dretinf.o)
    0x08002b3c   0x08002b3c   0x00000198   Code   RO         1080    x$fpl$dsqrt         fz_wm.l(dsqrt_umaal.o)
    0x08002cd4   0x08002cd4   0x000001d4   Code   RO         1038    x$fpl$dsub          fz_wm.l(daddsub_clz.o)
    0x08002ea8   0x08002ea8   0x00000056   Code   RO         1046    x$fpl$f2d           fz_wm.l(f2d.o)
    0x08002efe   0x08002efe   0x0000008c   Code   RO         1082    x$fpl$fnaninf       fz_wm.l(fnaninf.o)
    0x08002f8a   0x08002f8a   0x0000000a   Code   RO         1214    x$fpl$fpinit        fz_wm.l(fpinit.o)
    0x08002f94   0x08002f94   0x0000000a   Code   RO         1084    x$fpl$fretinf       fz_wm.l(fretinf.o)
    0x08002f9e   0x08002f9e   0x00000004   Code   RO         1048    x$fpl$printf1       fz_wm.l(printf1.o)
    0x08002fa2   0x08002fa2   0x00000000   Code   RO         1086    x$fpl$usenofp       fz_wm.l(usenofp.o)
    0x08002fa2   0x08002fa2   0x00000002   PAD
    0x08002fa4   0x08002fa4   0x00000048   Data   RO          959    .constdata          system_stm32l4xx.o
    0x08002fec   0x08002fec   0x00000094   Data   RO         1119    .constdata          c_w.l(bigflt0.o)
    0x08003080   0x08003080   0x0000006e   Data   RO           19    .conststring        main.o
    0x080030ee   0x080030ee   0x00000002   PAD
    0x080030f0   0x080030f0   0x00000020   Data   RO         1289    Region$$Table       anon$$obj.o
    0x08003110   0x08003110   0x0000001c   Data   RO         1143    locale$$data        c_w.l(lc_numeric_c.o)


    Execution Region ER_RW (Exec base: 0x20000000, Load base: 0x0800312c, Size: 0x0000002c, Max: 0xffffffff, ABSOLUTE)

    Exec Addr    Load Addr    Size         Type   Attr      Idx    E Section Name        Object

    0x20000000   0x0800312c   0x00000024   Data   RW           20    .data               main.o
    0x20000024   0x08003150   0x00000004   Data   RW          156    .data               bsp476.o
    0x20000028   0x08003154   0x00000004   Data   RW          960    .data               system_stm32l4xx.o


    Execution Region ER_ZI (Exec base: 0x2000002c, Load base: 0x08003158, Size: 0x00001604, Max: 0xffffffff, ABSOLUTE)

    Exec Addr    Load Addr    Size         Type   Attr      Idx    E Section Name        Object

    0x2000002c        -       0x00000fa0   Zero   RW           18    .bss                main.o
    0x20000fcc        -       0x00000060   Zero   RW         1153    .bss                c_w.l(libspace.o)
    0x2000102c   0x08003158   0x00000004   PAD
    0x20001030        -       0x00000200   Zero   RW          948    HEAP                startup_stm32l476xx.o
    0x20001230        -       0x00000400   Zero   RW          947    STACK               startup_stm32l476xx.o


==============================================================================

Image component sizes


      Code (inc. data)   RO Data    RW Data    ZI Data      Debug   Object Name

       420         24          0          0          0      95695   adc.o
       386         16          0          4          0      14666   bsp476.o
       216         14          0          0          0      22763   dac.o
      1262        144        110         36       4000     746124   main.o
        64         26        392          0       1536        980   startup_stm32l476xx.o
       334          0          0          0          0       8500   stm32l4xx_ll_gpio.o
      1160        140          0          0          0      36657   stm32l4xx_ll_rcc.o
       274         26          0          0          0      21928   stm32l4xx_ll_usart.o
        80         12         72          4          0       1761   system_stm32l4xx.o
       168         12          0          0          0      25541   usart.o

    ----------------------------------------------------------------------
      4372        414        608         44       5536     974615   Object Totals
         0          0         32          0          0          0   (incl. Generated)
         8          0          2          0          0          0   (incl. Padding)

    ----------------------------------------------------------------------

      Code (inc. data)   RO Data    RW Data    ZI Data      Debug   Library Member Name

         8          0          0          0          0         68   __main.o
       284          0          0          0          0        156   __printf_wp.o
         0          0          0          0          0          0   __rtentry.o
        12          0          0          0          0          0   __rtentry2.o
         6          0          0          0          0          0   __rtentry4.o
        52          8          0          0          0          0   __scatter.o
        26          0          0          0          0          0   __scatter_copy.o
        28          0          0          0          0          0   __scatter_zi.o
        48          6          0          0          0         96   _printf_char_common.o
         6          0          0          0          0          0   _printf_d.o
       120         16          0          0          0         92   _printf_dec.o
         6          0          0          0          0          0   _printf_f.o
      1060          0          0          0          0        216   _printf_fp_dec.o
       128         16          0          0          0         84   _printf_fp_infnan.o
       178          0          0          0          0         88   _printf_intcommon.o
        78          0          0          0          0        108   _printf_pad.o
         0          0          0          0          0          0   _printf_percent.o
         4          0          0          0          0          0   _printf_percent_end.o
        22          0          0          0          0        100   _rserrno.o
        10          0          0          0          0         68   _sputc.o
       228          4        148          0          0         96   bigflt0.o
      1936        128          0          0          0        672   btod.o
        18          0          0          0          0         80   exit.o
         6          0          0          0          0        152   heapauxi.o
         0          0          0          0          0          0   indicate_semi.o
        44         10         28          0          0         76   lc_numeric_c.o
         2          0          0          0          0          0   libinit.o
        22          0          0          0          0          0   libinit2.o
         2          0          0          0          0          0   libshutdown.o
         2          0          0          0          0          0   libshutdown2.o
         8          4          0          0         96         68   libspace.o
       138          0          0          0          0         80   lludiv10.o
        40          6          0          0          0         84   noretval__2sprintf.o
         8          4          0          0          0         68   rt_errno_addr_intlibspace.o
         8          4          0          0          0         68   rt_locale_intlibspace.o
         2          0          0          0          0          0   rtexit.o
        10          0          0          0          0          0   rtexit2.o
       128          0          0          0          0         68   strcmpv7m.o
        62          0          0          0          0         76   strlen.o
        12          4          0          0          0         68   sys_exit.o
        74          0          0          0          0         80   sys_stackheap_outer.o
         2          0          0          0          0         68   use_no_semi.o
        98          4          0          0          0        140   d2f.o
       804         16          0          0          0        368   daddsub_clz.o
       688        140          0          0          0        256   ddiv.o
       156          4          0          0          0        140   dnaninf.o
        12          0          0          0          0        116   dretinf.o
       408         56          0          0          0        168   dsqrt_umaal.o
        86          4          0          0          0        132   f2d.o
       140          4          0          0          0        132   fnaninf.o
        10          0          0          0          0        116   fpinit.o
        10          0          0          0          0        116   fretinf.o
         4          0          0          0          0        116   printf1.o
         0          0          0          0          0          0   usenofp.o
        48          0          0          0          0        124   fpclassify.o
       122          0          0          0          0        148   sqrt.o

    ----------------------------------------------------------------------
      7432        438        176          0        100       4952   Library Totals
        18          0          0          0          4          0   (incl. Padding)

    ----------------------------------------------------------------------

      Code (inc. data)   RO Data    RW Data    ZI Data      Debug   Library Name

      4828        210        176          0         96       2880   c_w.l
      2416        228          0          0          0       1800   fz_wm.l
       170          0          0          0          0        272   m_wm.l

    ----------------------------------------------------------------------
      7432        438        176          0        100       4952   Library Totals

    ----------------------------------------------------------------------

==============================================================================


      Code (inc. data)   RO Data    RW Data    ZI Data      Debug   

     11804        852        784         44       5636     972807   Grand Totals
     11804        852        784         44       5636     972807   ELF Image Totals
     11804        852        784         44          0          0   ROM Totals

==============================================================================

    Total RO  Size (Code + RO Data)                12588 (  12.29kB)
    Total RW  Size (RW Data + ZI Data)              5680 (   5.55kB)
    Total ROM Size (Code + RO Data + RW Data)      12632 (  12.34kB)

==============================================================================

